Archive member included to satisfy reference by file (symbol)

c:/siliconlabs/simplicitystudio/v5/developer/toolchains/gnu_arm/10.2_2020q4/bin/../lib/gcc/arm-none-eabi/10.2.1/thumb/v8-m.main+fp/hard\libgcc.a(_aeabi_ldivmod.o)
                              ./gecko_sdk_4.0.0/platform/emdrv/ustimer/src/ustimer.o (__aeabi_ldivmod)
c:/siliconlabs/simplicitystudio/v5/developer/toolchains/gnu_arm/10.2_2020q4/bin/../lib/gcc/arm-none-eabi/10.2.1/thumb/v8-m.main+fp/hard\libgcc.a(_aeabi_uldivmod.o)
                              ./gecko_sdk_4.0.0/platform/emdrv/ustimer/src/ustimer.o (__aeabi_uldivmod)
c:/siliconlabs/simplicitystudio/v5/developer/toolchains/gnu_arm/10.2_2020q4/bin/../lib/gcc/arm-none-eabi/10.2.1/thumb/v8-m.main+fp/hard\libgcc.a(_udivmoddi4.o)
                              c:/siliconlabs/simplicitystudio/v5/developer/toolchains/gnu_arm/10.2_2020q4/bin/../lib/gcc/arm-none-eabi/10.2.1/thumb/v8-m.main+fp/hard\libgcc.a(_aeabi_ldivmod.o) (__udivmoddi4)
c:/siliconlabs/simplicitystudio/v5/developer/toolchains/gnu_arm/10.2_2020q4/bin/../lib/gcc/arm-none-eabi/10.2.1/thumb/v8-m.main+fp/hard\libgcc.a(_dvmd_tls.o)
                              c:/siliconlabs/simplicitystudio/v5/developer/toolchains/gnu_arm/10.2_2020q4/bin/../lib/gcc/arm-none-eabi/10.2.1/thumb/v8-m.main+fp/hard\libgcc.a(_aeabi_ldivmod.o) (__aeabi_ldiv0)
c:/siliconlabs/simplicitystudio/v5/developer/toolchains/gnu_arm/10.2_2020q4/bin/../lib/gcc/arm-none-eabi/10.2.1/../../../../arm-none-eabi/lib/thumb/v8-m.main+fp/hard\libc_nano.a(lib_a-exit.o)
                              c:/siliconlabs/simplicitystudio/v5/developer/toolchains/gnu_arm/10.2_2020q4/bin/../lib/gcc/arm-none-eabi/10.2.1/../../../../arm-none-eabi/lib/thumb/v8-m.main+fp/hard/crt0.o (exit)
c:/siliconlabs/simplicitystudio/v5/developer/toolchains/gnu_arm/10.2_2020q4/bin/../lib/gcc/arm-none-eabi/10.2.1/../../../../arm-none-eabi/lib/thumb/v8-m.main+fp/hard\libc_nano.a(lib_a-impure.o)
                              c:/siliconlabs/simplicitystudio/v5/developer/toolchains/gnu_arm/10.2_2020q4/bin/../lib/gcc/arm-none-eabi/10.2.1/../../../../arm-none-eabi/lib/thumb/v8-m.main+fp/hard\libc_nano.a(lib_a-exit.o) (_global_impure_ptr)
c:/siliconlabs/simplicitystudio/v5/developer/toolchains/gnu_arm/10.2_2020q4/bin/../lib/gcc/arm-none-eabi/10.2.1/../../../../arm-none-eabi/lib/thumb/v8-m.main+fp/hard\libc_nano.a(lib_a-init.o)
                              c:/siliconlabs/simplicitystudio/v5/developer/toolchains/gnu_arm/10.2_2020q4/bin/../lib/gcc/arm-none-eabi/10.2.1/../../../../arm-none-eabi/lib/thumb/v8-m.main+fp/hard/crt0.o (__libc_init_array)
c:/siliconlabs/simplicitystudio/v5/developer/toolchains/gnu_arm/10.2_2020q4/bin/../lib/gcc/arm-none-eabi/10.2.1/../../../../arm-none-eabi/lib/thumb/v8-m.main+fp/hard\libc_nano.a(lib_a-memset.o)
                              c:/siliconlabs/simplicitystudio/v5/developer/toolchains/gnu_arm/10.2_2020q4/bin/../lib/gcc/arm-none-eabi/10.2.1/../../../../arm-none-eabi/lib/thumb/v8-m.main+fp/hard/crt0.o (memset)
c:/siliconlabs/simplicitystudio/v5/developer/toolchains/gnu_arm/10.2_2020q4/bin/../lib/gcc/arm-none-eabi/10.2.1/../../../../arm-none-eabi/lib/thumb/v8-m.main+fp/hard\libc_nano.a(lib_a-printf.o)
                              ./main.o (printf)
c:/siliconlabs/simplicitystudio/v5/developer/toolchains/gnu_arm/10.2_2020q4/bin/../lib/gcc/arm-none-eabi/10.2.1/../../../../arm-none-eabi/lib/thumb/v8-m.main+fp/hard\libc_nano.a(lib_a-findfp.o)
                              c:/siliconlabs/simplicitystudio/v5/developer/toolchains/gnu_arm/10.2_2020q4/bin/../lib/gcc/arm-none-eabi/10.2.1/../../../../arm-none-eabi/lib/thumb/v8-m.main+fp/hard\libc_nano.a(lib_a-printf.o) (__sinit)
c:/siliconlabs/simplicitystudio/v5/developer/toolchains/gnu_arm/10.2_2020q4/bin/../lib/gcc/arm-none-eabi/10.2.1/../../../../arm-none-eabi/lib/thumb/v8-m.main+fp/hard\libc_nano.a(lib_a-fwalk.o)
                              c:/siliconlabs/simplicitystudio/v5/developer/toolchains/gnu_arm/10.2_2020q4/bin/../lib/gcc/arm-none-eabi/10.2.1/../../../../arm-none-eabi/lib/thumb/v8-m.main+fp/hard\libc_nano.a(lib_a-findfp.o) (_fwalk)
c:/siliconlabs/simplicitystudio/v5/developer/toolchains/gnu_arm/10.2_2020q4/bin/../lib/gcc/arm-none-eabi/10.2.1/../../../../arm-none-eabi/lib/thumb/v8-m.main+fp/hard\libc_nano.a(lib_a-lock.o)
                              c:/siliconlabs/simplicitystudio/v5/developer/toolchains/gnu_arm/10.2_2020q4/bin/../lib/gcc/arm-none-eabi/10.2.1/../../../../arm-none-eabi/lib/thumb/v8-m.main+fp/hard\libc_nano.a(lib_a-findfp.o) (__retarget_lock_init_recursive)
c:/siliconlabs/simplicitystudio/v5/developer/toolchains/gnu_arm/10.2_2020q4/bin/../lib/gcc/arm-none-eabi/10.2.1/../../../../arm-none-eabi/lib/thumb/v8-m.main+fp/hard\libc_nano.a(lib_a-nano-mallocr.o)
                              c:/siliconlabs/simplicitystudio/v5/developer/toolchains/gnu_arm/10.2_2020q4/bin/../lib/gcc/arm-none-eabi/10.2.1/../../../../arm-none-eabi/lib/thumb/v8-m.main+fp/hard\libc_nano.a(lib_a-findfp.o) (_malloc_r)
[...]
Memory Configuration

Name             Origin             Length             Attributes
FLASH            0x00000000         0x000fe000         xr
RAM              0x20000000         0x00018000         xrw
*default*        0x00000000         0xffffffff

Linker script and memory map

LOAD c:/siliconlabs/simplicitystudio/v5/developer/toolchains/gnu_arm/10.2_2020q4/bin/../lib/gcc/arm-none-eabi/10.2.1/thumb/v8-m.main+fp/hard/crti.o
LOAD c:/siliconlabs/simplicitystudio/v5/developer/toolchains/gnu_arm/10.2_2020q4/bin/../lib/gcc/arm-none-eabi/10.2.1/thumb/v8-m.main+fp/hard/crtbegin.o
LOAD c:/siliconlabs/simplicitystudio/v5/developer/toolchains/gnu_arm/10.2_2020q4/bin/../lib/gcc/arm-none-eabi/10.2.1/../../../../arm-none-eabi/lib/thumb/v8-m.main+fp/hard/crt0.o
START GROUP
LOAD ./app.o
LOAD ./main.o
LOAD ./autogen/sl_board_default_init.o
LOAD ./autogen/sl_device_init_clocks.o
LOAD ./autogen/sl_event_handler.o
LOAD ./gecko_sdk_4.0.0/hardware/board/src/sl_board_control_gpio.o
LOAD ./gecko_sdk_4.0.0/hardware/board/src/sl_board_init.o
LOAD ./gecko_sdk_4.0.0/platform/Device/SiliconLabs/EFR32MG21/Source/GCC/startup_efr32mg21.o
LOAD ./gecko_sdk_4.0.0/platform/Device/SiliconLabs/EFR32MG21/Source/system_efr32mg21.o
LOAD ./gecko_sdk_4.0.0/platform/common/toolchain/src/sl_memory.o
LOAD ./gecko_sdk_4.0.0/platform/emdrv/ustimer/src/ustimer.o
LOAD ./gecko_sdk_4.0.0/platform/emlib/src/em_assert.o
LOAD ./gecko_sdk_4.0.0/platform/emlib/src/em_cmu.o
LOAD ./gecko_sdk_4.0.0/platform/emlib/src/em_core.o
LOAD ./gecko_sdk_4.0.0/platform/emlib/src/em_emu.o
LOAD ./gecko_sdk_4.0.0/platform/emlib/src/em_gpio.o
LOAD ./gecko_sdk_4.0.0/platform/emlib/src/em_i2c.o
LOAD ./gecko_sdk_4.0.0/platform/emlib/src/em_system.o
LOAD ./gecko_sdk_4.0.0/platform/emlib/src/em_timer.o
LOAD ./gecko_sdk_4.0.0/platform/service/device_init/src/sl_device_init_emu_s2.o
LOAD ./gecko_sdk_4.0.0/platform/service/device_init/src/sl_device_init_hfrco.o
LOAD ./gecko_sdk_4.0.0/platform/service/device_init/src/sl_device_init_hfxo_s2.o
LOAD ./gecko_sdk_4.0.0/platform/service/device_init/src/sl_device_init_lfxo_s2.o
LOAD ./gecko_sdk_4.0.0/platform/service/device_init/src/sl_device_init_nvic.o
LOAD ./gecko_sdk_4.0.0/platform/service/system/src/sl_system_init.o
LOAD ./gecko_sdk_4.0.0/platform/service/system/src/sl_system_process_action.o
LOAD c:/siliconlabs/simplicitystudio/v5/developer/toolchains/gnu_arm/10.2_2020q4/bin/../lib/gcc/arm-none-eabi/10.2.1/thumb/v8-m.main+fp/hard\libgcc.a
LOAD c:/siliconlabs/simplicitystudio/v5/developer/toolchains/gnu_arm/10.2_2020q4/bin/../lib/gcc/arm-none-eabi/10.2.1/../../../../arm-none-eabi/lib/thumb/v8-m.main+fp/hard\libc_nano.a
LOAD c:/siliconlabs/simplicitystudio/v5/developer/toolchains/gnu_arm/10.2_2020q4/bin/../lib/gcc/arm-none-eabi/10.2.1/../../../../arm-none-eabi/lib/thumb/v8-m.main+fp/hard\libm.a
LOAD c:/siliconlabs/simplicitystudio/v5/developer/toolchains/gnu_arm/10.2_2020q4/bin/../lib/gcc/arm-none-eabi/10.2.1/../../../../arm-none-eabi/lib/thumb/v8-m.main+fp/hard\libnosys.a
END GROUP
START GROUP
LOAD c:/siliconlabs/simplicitystudio/v5/developer/toolchains/gnu_arm/10.2_2020q4/bin/../lib/gcc/arm-none-eabi/10.2.1/thumb/v8-m.main+fp/hard\libgcc.a
LOAD c:/siliconlabs/simplicitystudio/v5/developer/toolchains/gnu_arm/10.2_2020q4/bin/../lib/gcc/arm-none-eabi/10.2.1/../../../../arm-none-eabi/lib/thumb/v8-m.main+fp/hard\libc_nano.a
LOAD c:/siliconlabs/simplicitystudio/v5/developer/toolchains/gnu_arm/10.2_2020q4/bin/../lib/gcc/arm-none-eabi/10.2.1/../../../../arm-none-eabi/lib/thumb/v8-m.main+fp/hard\libnosys.a
END GROUP
START GROUP
LOAD c:/siliconlabs/simplicitystudio/v5/developer/toolchains/gnu_arm/10.2_2020q4/bin/../lib/gcc/arm-none-eabi/10.2.1/thumb/v8-m.main+fp/hard\libgcc.a
LOAD c:/siliconlabs/simplicitystudio/v5/developer/toolchains/gnu_arm/10.2_2020q4/bin/../lib/gcc/arm-none-eabi/10.2.1/../../../../arm-none-eabi/lib/thumb/v8-m.main+fp/hard\libg_nano.a
LOAD c:/siliconlabs/simplicitystudio/v5/developer/toolchains/gnu_arm/10.2_2020q4/bin/../lib/gcc/arm-none-eabi/10.2.1/../../../../arm-none-eabi/lib/thumb/v8-m.main+fp/hard\libc_nano.a
END GROUP
START GROUP
LOAD c:/siliconlabs/simplicitystudio/v5/developer/toolchains/gnu_arm/10.2_2020q4/bin/../lib/gcc/arm-none-eabi/10.2.1/thumb/v8-m.main+fp/hard\libgcc.a
LOAD c:/siliconlabs/simplicitystudio/v5/developer/toolchains/gnu_arm/10.2_2020q4/bin/../lib/gcc/arm-none-eabi/10.2.1/../../../../arm-none-eabi/lib/thumb/v8-m.main+fp/hard\libc_nano.a
END GROUP
LOAD c:/siliconlabs/simplicitystudio/v5/developer/toolchains/gnu_arm/10.2_2020q4/bin/../lib/gcc/arm-none-eabi/10.2.1/thumb/v8-m.main+fp/hard/crtend.o
LOAD c:/siliconlabs/simplicitystudio/v5/developer/toolchains/gnu_arm/10.2_2020q4/bin/../lib/gcc/arm-none-eabi/10.2.1/thumb/v8-m.main+fp/hard/crtn.o

.text           0x00000000     0x2c50
                0x00000000                linker_vectors_begin = .
 *(.vectors)
 .vectors       0x00000000      0x134 ./gecko_sdk_4.0.0/platform/Device/SiliconLabs/EFR32MG21/Source/GCC/startup_efr32mg21.o
                0x00000000                __Vectors
                0x00000134                linker_vectors_end = .
                0x00000134                __Vectors_End = .
                0x00000134                __Vectors_Size = (__Vectors_End - __Vectors)
                0x00000134                linker_code_begin = .
 *(.text*)
 .text          0x00000134       0x40 c:/siliconlabs/simplicitystudio/v5/developer/toolchains/gnu_arm/10.2_2020q4/bin/../lib/gcc/arm-none-eabi/10.2.1/thumb/v8-m.main+fp/hard/crtbegin.o
 .text          0x00000174       0x7c c:/siliconlabs/simplicitystudio/v5/developer/toolchains/gnu_arm/10.2_2020q4/bin/../lib/gcc/arm-none-eabi/10.2.1/../../../../arm-none-eabi/lib/thumb/v8-m.main+fp/hard/crt0.o
                0x00000174                _stack_init
                0x0000017c                _start
                0x0000017c                _mainCRTStartup
 .text.GPIO_PinOutSet.constprop.0
                0x000001f0       0x2c ./main.o
 .text.initGPIO
                0x0000021c       0x58 ./main.o
                0x0000021c                initGPIO
 .text.initI2C  0x00000274       0x80 ./main.o
                0x00000274                initI2C
 .text.I2C_Read
                0x000002f4       0x50 ./main.o
                0x000002f4                I2C_Read
 .text.I2C_WriteCmd
                0x00000344       0x54 ./main.o
                0x00000344                I2C_WriteCmd
 .text.GPIO_EVEN_IRQHandler
                0x00000398       0x2c ./main.o
                0x00000398                GPIO_EVEN_IRQHandler
 .text.Hex2Float
                0x000003c4       0x70 ./main.o
                0x000003c4                Hex2Float
 .text.startup.main
                0x00000434      0x170 ./main.o
                0x00000434                main
 .text.Default_Handler
                0x000005a4        0x2 ./gecko_sdk_4.0.0/platform/Device/SiliconLabs/EFR32MG21/Source/GCC/startup_efr32mg21.o
                0x000005a4                ULFRCO_IRQHandler
                0x000005a4                SW2_IRQHandler
                0x000005a4                TIMER2_IRQHandler
                0x000005a4                DebugMon_Handler
                0x000005a4                USART0_TX_IRQHandler
                0x000005a4                PRORTC_IRQHandler
                0x000005a4                IADC_IRQHandler
                0x000005a4                I2C0_IRQHandler
                0x000005a4                LFXO_IRQHandler
                0x000005a4                HardFault_Handler
                0x000005a4                SMU_SECURE_IRQHandler
                0x000005a4                SysTick_Handler
                0x000005a4                USART1_RX_IRQHandler
                0x000005a4                PendSV_Handler
                0x000005a4                NMI_Handler
                0x000005a4                SYNTH_IRQHandler
                0x000005a4                I2C1_IRQHandler
                0x000005a4                WDOG0_IRQHandler
                0x000005a4                TIMER3_IRQHandler
                0x000005a4                SYSCFG_IRQHandler
                0x000005a4                EMUSE_IRQHandler
                0x000005a4                EMUDG_IRQHandler
                0x000005a4                USART1_TX_IRQHandler
                0x000005a4                SMU_PRIVILEGED_IRQHandler
                0x000005a4                MSC_IRQHandler
                0x000005a4                DPLL0_IRQHandler
                0x000005a4                UsageFault_Handler
                0x000005a4                WDOG1_IRQHandler
                0x000005a4                M33CTI1_IRQHandler
                0x000005a4                LDMA_IRQHandler
                0x000005a4                SEMBTX_IRQHandler
                0x000005a4                SW0_IRQHandler
                0x000005a4                LETIMER0_IRQHandler
                0x000005a4                TIMER1_IRQHandler
                0x000005a4                HFRCO0_IRQHandler
                0x000005a4                BUFC_IRQHandler
                0x000005a4                MODEM_IRQHandler
                0x000005a4                USART2_RX_IRQHandler
                0x000005a4                Default_Handler
                0x000005a4                RAC_SEQ_IRQHandler
                0x000005a4                FRC_PRI_IRQHandler
                0x000005a4                EMU_IRQHandler
                0x000005a4                SW3_IRQHandler
                0x000005a4                KERNEL0_IRQHandler
                0x000005a4                FRC_IRQHandler
                0x000005a4                KERNEL1_IRQHandler
                0x000005a4                AGC_IRQHandler
                0x000005a4                sl_app_properties
                0x000005a4                HFRCOEM23_IRQHandler
                0x000005a4                BURTC_IRQHandler
                0x000005a4                SEMBRX_IRQHandler
                0x000005a4                LFRCO_IRQHandler
                0x000005a4                ACMP0_IRQHandler
                0x000005a4                USART0_RX_IRQHandler
                0x000005a4                MemManage_Handler
                0x000005a4                SVC_Handler
                0x000005a4                RTCC_IRQHandler
                0x000005a4                HFXO00_IRQHandler
                0x000005a4                SW1_IRQHandler
                0x000005a4                CMU_IRQHandler
                0x000005a4                RAC_RSM_IRQHandler
                0x000005a4                SETAMPERHOST_IRQHandler
                0x000005a4                GPIO_ODD_IRQHandler
                0x000005a4                AES_IRQHandler
                0x000005a4                M33CTI0_IRQHandler
                0x000005a4                ICACHE0_IRQHandler
                0x000005a4                PROTIMER_IRQHandler
                0x000005a4                ACMP1_IRQHandler
                0x000005a4                BusFault_Handler
                0x000005a4                USART2_TX_IRQHandler
 *fill*         0x000005a6        0x2 
 .text.Reset_Handler
                0x000005a8       0x2c ./gecko_sdk_4.0.0/platform/Device/SiliconLabs/EFR32MG21/Source/GCC/startup_efr32mg21.o
                0x000005a8                Reset_Handler
 .text.SystemInit
                0x000005d4       0x1c ./gecko_sdk_4.0.0/platform/Device/SiliconLabs/EFR32MG21/Source/system_efr32mg21.o
                0x000005d4                SystemInit
 .text.SystemHFRCODPLLClockGet
                0x000005f0        0xc ./gecko_sdk_4.0.0/platform/Device/SiliconLabs/EFR32MG21/Source/system_efr32mg21.o
                0x000005f0                SystemHFRCODPLLClockGet
 .text.SystemSYSCLKGet
                0x000005fc       0x34 ./gecko_sdk_4.0.0/platform/Device/SiliconLabs/EFR32MG21/Source/system_efr32mg21.o
                0x000005fc                SystemSYSCLKGet
 .text.SystemHCLKGet
                0x00000630       0x24 ./gecko_sdk_4.0.0/platform/Device/SiliconLabs/EFR32MG21/Source/system_efr32mg21.o
                0x00000630                SystemHCLKGet
 .text.SystemHFXOClockGet
                0x00000654        0xc ./gecko_sdk_4.0.0/platform/Device/SiliconLabs/EFR32MG21/Source/system_efr32mg21.o
                0x00000654                SystemHFXOClockGet
 .text.SystemCLKIN0Get
                0x00000660        0x4 ./gecko_sdk_4.0.0/platform/Device/SiliconLabs/EFR32MG21/Source/system_efr32mg21.o
                0x00000660                SystemCLKIN0Get
 .text.SystemFSRCOClockGet
                0x00000664        0x8 ./gecko_sdk_4.0.0/platform/Device/SiliconLabs/EFR32MG21/Source/system_efr32mg21.o
                0x00000664                SystemFSRCOClockGet
 .text.SystemHFRCOEM23ClockGet
                0x0000066c       0x88 ./gecko_sdk_4.0.0/platform/Device/SiliconLabs/EFR32MG21/Source/system_efr32mg21.o
                0x0000066c                SystemHFRCOEM23ClockGet
 .text.SystemLFRCOClockGet
                0x000006f4        0x6 ./gecko_sdk_4.0.0/platform/Device/SiliconLabs/EFR32MG21/Source/system_efr32mg21.o
                0x000006f4                SystemLFRCOClockGet
 .text.SystemULFRCOClockGet
                0x000006fa        0x6 ./gecko_sdk_4.0.0/platform/Device/SiliconLabs/EFR32MG21/Source/system_efr32mg21.o
                0x000006fa                SystemULFRCOClockGet
 .text.SystemLFXOClockGet
                0x00000700        0xc ./gecko_sdk_4.0.0/platform/Device/SiliconLabs/EFR32MG21/Source/system_efr32mg21.o
                0x00000700                SystemLFXOClockGet
 .text._sbrk    0x0000070c       0x20 ./gecko_sdk_4.0.0/platform/common/toolchain/src/sl_memory.o
                0x0000070c                _sbrk
 .text.DelayTicksEM1.part.0
                0x0000072c       0x7c ./gecko_sdk_4.0.0/platform/emdrv/ustimer/src/ustimer.o
 .text.USTIMER_Init
                0x000007a8       0xe8 ./gecko_sdk_4.0.0/platform/emdrv/ustimer/src/ustimer.o
                0x000007a8                USTIMER_Init
 .text.USTIMER_Delay
                0x00000890       0x58 ./gecko_sdk_4.0.0/platform/emdrv/ustimer/src/ustimer.o
                0x00000890                USTIMER_Delay
 .text.TIMER0_IRQHandler
                0x000008e8       0x24 ./gecko_sdk_4.0.0/platform/emdrv/ustimer/src/ustimer.o
                0x000008e8                TIMER0_IRQHandler
 .text.assertEFM
                0x0000090c        0x2 ./gecko_sdk_4.0.0/platform/emlib/src/em_assert.o
                0x0000090c                assertEFM
 *fill*         0x0000090e        0x2 
 .text.traceClkGet
                0x00000910       0x48 ./gecko_sdk_4.0.0/platform/emlib/src/em_cmu.o
 .text.em01GrpaClkGet
                0x00000958       0x60 ./gecko_sdk_4.0.0/platform/emlib/src/em_cmu.o
 .text.iadcClkGet
                0x000009b8       0x64 ./gecko_sdk_4.0.0/platform/emlib/src/em_cmu.o
 .text.em23GrpaClkGet
                0x00000a1c       0x54 ./gecko_sdk_4.0.0/platform/emlib/src/em_cmu.o
 .text.em4GrpaClkGet
                0x00000a70       0x54 ./gecko_sdk_4.0.0/platform/emlib/src/em_cmu.o
 .text.wdog0ClkGet
                0x00000ac4       0x60 ./gecko_sdk_4.0.0/platform/emlib/src/em_cmu.o
 .text.wdog1ClkGet
                0x00000b24       0x60 ./gecko_sdk_4.0.0/platform/emlib/src/em_cmu.o
 .text.rtccClkGet
                0x00000b84       0x54 ./gecko_sdk_4.0.0/platform/emlib/src/em_cmu.o
 .text.dpllRefClkGet
                0x00000bd8       0x48 ./gecko_sdk_4.0.0/platform/emlib/src/em_cmu.o
 .text.CMU_ClockDivGet
                0x00000c20       0x50 ./gecko_sdk_4.0.0/platform/emlib/src/em_cmu.o
                0x00000c20                CMU_ClockDivGet
 .text.CMU_ClockFreqGet
                0x00000c70      0x104 ./gecko_sdk_4.0.0/platform/emlib/src/em_cmu.o
                0x00000c70                CMU_ClockFreqGet
 .text.CORE_EnterCritical
                0x00000d74        0x8 ./gecko_sdk_4.0.0/platform/emlib/src/em_core.o
                0x00000d74                CORE_EnterCritical
 .text.CORE_ExitCritical
                0x00000d7c        0x6 ./gecko_sdk_4.0.0/platform/emlib/src/em_core.o
                0x00000d7c                CORE_ExitCritical
 .text.CORE_EnterAtomic
                0x00000d82        0xc ./gecko_sdk_4.0.0/platform/emlib/src/em_core.o
                0x00000d82                CORE_EnterAtomic
 .text.CORE_ExitAtomic
                0x00000d8e        0x6 ./gecko_sdk_4.0.0/platform/emlib/src/em_core.o
                0x00000d8e                CORE_ExitAtomic
 .text.BUS_RegBitWrite
                0x00000d94       0x30 ./gecko_sdk_4.0.0/platform/emlib/src/em_gpio.o
 .text.GPIO_PinOutSet
                0x00000dc4       0x50 ./gecko_sdk_4.0.0/platform/emlib/src/em_gpio.o
 .text.GPIO_PinOutClear
                0x00000e14       0x50 ./gecko_sdk_4.0.0/platform/emlib/src/em_gpio.o
 .text.BUS_RegMaskedWrite
                0x00000e64       0x22 ./gecko_sdk_4.0.0/platform/emlib/src/em_gpio.o
 *fill*         0x00000e86        0x2 
 .text.GPIO_ExtIntConfig
                0x00000e88       0xc8 ./gecko_sdk_4.0.0/platform/emlib/src/em_gpio.o
                0x00000e88                GPIO_ExtIntConfig
 .text.GPIO_PinModeSet
                0x00000f50       0x9c ./gecko_sdk_4.0.0/platform/emlib/src/em_gpio.o
                0x00000f50                GPIO_PinModeSet
 .text.I2C_BusFreqSet
                0x00000fec       0xe8 ./gecko_sdk_4.0.0/platform/emlib/src/em_i2c.o
                0x00000fec                I2C_BusFreqSet
 .text.I2C_Enable
                0x000010d4       0x3c ./gecko_sdk_4.0.0/platform/emlib/src/em_i2c.o
                0x000010d4                I2C_Enable
 .text.I2C_Init
                0x00001110       0x68 ./gecko_sdk_4.0.0/platform/emlib/src/em_i2c.o
                0x00001110                I2C_Init
 .text.I2C_Transfer
                0x00001178      0x228 ./gecko_sdk_4.0.0/platform/emlib/src/em_i2c.o
                0x00001178                I2C_Transfer
 .text.I2C_TransferInit
                0x000013a0       0xbc ./gecko_sdk_4.0.0/platform/emlib/src/em_i2c.o
                0x000013a0                I2C_TransferInit
 .text.SYSTEM_ChipRevisionGet
                0x0000145c       0x1c ./gecko_sdk_4.0.0/platform/emlib/src/em_system.o
                0x0000145c                SYSTEM_ChipRevisionGet
 .text.TIMER_Valid
                0x00001478       0x2c ./gecko_sdk_4.0.0/platform/emlib/src/em_timer.o
 .text.timerPrsConfig
                0x000014a4       0x78 ./gecko_sdk_4.0.0/platform/emlib/src/em_timer.o
 .text.TIMER_SyncWait
                0x0000151c        0xe ./gecko_sdk_4.0.0/platform/emlib/src/em_timer.o
                0x0000151c                TIMER_SyncWait
 *fill*         0x0000152a        0x2 
 .text.TIMER_Init
                0x0000152c       0xb0 ./gecko_sdk_4.0.0/platform/emlib/src/em_timer.o
                0x0000152c                TIMER_Init
 .text.TIMER_InitCC
                0x000015dc       0xb4 ./gecko_sdk_4.0.0/platform/emlib/src/em_timer.o
                0x000015dc                TIMER_InitCC
 .text          0x00001690       0x30 c:/siliconlabs/simplicitystudio/v5/developer/toolchains/gnu_arm/10.2_2020q4/bin/../lib/gcc/arm-none-eabi/10.2.1/thumb/v8-m.main+fp/hard\libgcc.a(_aeabi_uldivmod.o)
                0x00001690                __aeabi_uldivmod
 .text          0x000016c0      0x2ec c:/siliconlabs/simplicitystudio/v5/developer/toolchains/gnu_arm/10.2_2020q4/bin/../lib/gcc/arm-none-eabi/10.2.1/thumb/v8-m.main+fp/hard\libgcc.a(_udivmoddi4.o)
                0x000016c0                __udivmoddi4
 .text          0x000019ac        0x4 c:/siliconlabs/simplicitystudio/v5/developer/toolchains/gnu_arm/10.2_2020q4/bin/../lib/gcc/arm-none-eabi/10.2.1/thumb/v8-m.main+fp/hard\libgcc.a(_dvmd_tls.o)
                0x000019ac                __aeabi_idiv0
                0x000019ac                __aeabi_ldiv0
 .text.exit     0x000019b0       0x28 c:/siliconlabs/simplicitystudio/v5/developer/toolchains/gnu_arm/10.2_2020q4/bin/../lib/gcc/arm-none-eabi/10.2.1/../../../../arm-none-eabi/lib/thumb/v8-m.main+fp/hard\libc_nano.a(lib_a-exit.o)
                0x000019b0                exit
 .text.__libc_init_array
                0x000019d8       0x48 c:/siliconlabs/simplicitystudio/v5/developer/toolchains/gnu_arm/10.2_2020q4/bin/../lib/gcc/arm-none-eabi/10.2.1/../../../../arm-none-eabi/lib/thumb/v8-m.main+fp/hard\libc_nano.a(lib_a-init.o)
                0x000019d8                __libc_init_array
 .text.memset   0x00001a20       0x10 c:/siliconlabs/simplicitystudio/v5/developer/toolchains/gnu_arm/10.2_2020q4/bin/../lib/gcc/arm-none-eabi/10.2.1/../../../../arm-none-eabi/lib/thumb/v8-m.main+fp/hard\libc_nano.a(lib_a-memset.o)
                0x00001a20                memset
 .text.printf   0x00001a30       0x30 c:/siliconlabs/simplicitystudio/v5/developer/toolchains/gnu_arm/10.2_2020q4/bin/../lib/gcc/arm-none-eabi/10.2.1/../../../../arm-none-eabi/lib/thumb/v8-m.main+fp/hard\libc_nano.a(lib_a-printf.o)
                0x00001a30                iprintf
                0x00001a30                printf
 .text.std      0x00001a60       0x48 c:/siliconlabs/simplicitystudio/v5/developer/toolchains/gnu_arm/10.2_2020q4/bin/../lib/gcc/arm-none-eabi/10.2.1/../../../../arm-none-eabi/lib/thumb/v8-m.main+fp/hard\libc_nano.a(lib_a-findfp.o)
 .text._cleanup_r
                0x00001aa8        0xc c:/siliconlabs/simplicitystudio/v5/developer/toolchains/gnu_arm/10.2_2020q4/bin/../lib/gcc/arm-none-eabi/10.2.1/../../../../arm-none-eabi/lib/thumb/v8-m.main+fp/hard\libc_nano.a(lib_a-findfp.o)
                0x00001aa8                _cleanup_r
 .text.__sfmoreglue
                0x00001ab4       0x2c c:/siliconlabs/simplicitystudio/v5/developer/toolchains/gnu_arm/10.2_2020q4/bin/../lib/gcc/arm-none-eabi/10.2.1/../../../../arm-none-eabi/lib/thumb/v8-m.main+fp/hard\libc_nano.a(lib_a-findfp.o)
                0x00001ab4                __sfmoreglue
 .text.__sfp_lock_acquire
                0x00001ae0        0xc c:/siliconlabs/simplicitystudio/v5/developer/toolchains/gnu_arm/10.2_2020q4/bin/../lib/gcc/arm-none-eabi/10.2.1/../../../../arm-none-eabi/lib/thumb/v8-m.main+fp/hard\libc_nano.a(lib_a-findfp.o)
                0x00001ae0                __sfp_lock_acquire
 .text.__sfp_lock_release
                0x00001aec        0xc c:/siliconlabs/simplicitystudio/v5/developer/toolchains/gnu_arm/10.2_2020q4/bin/../lib/gcc/arm-none-eabi/10.2.1/../../../../arm-none-eabi/lib/thumb/v8-m.main+fp/hard\libc_nano.a(lib_a-findfp.o)
                0x00001aec                __sfp_lock_release
 .text.__sinit_lock_acquire
                0x00001af8        0xc c:/siliconlabs/simplicitystudio/v5/developer/toolchains/gnu_arm/10.2_2020q4/bin/../lib/gcc/arm-none-eabi/10.2.1/../../../../arm-none-eabi/lib/thumb/v8-m.main+fp/hard\libc_nano.a(lib_a-findfp.o)
                0x00001af8                __sinit_lock_acquire
 .text.__sinit_lock_release
                0x00001b04        0xc c:/siliconlabs/simplicitystudio/v5/developer/toolchains/gnu_arm/10.2_2020q4/bin/../lib/gcc/arm-none-eabi/10.2.1/../../../../arm-none-eabi/lib/thumb/v8-m.main+fp/hard\libc_nano.a(lib_a-findfp.o)
                0x00001b04                __sinit_lock_release
 .text.__sinit  0x00001b10       0x70 c:/siliconlabs/simplicitystudio/v5/developer/toolchains/gnu_arm/10.2_2020q4/bin/../lib/gcc/arm-none-eabi/10.2.1/../../../../arm-none-eabi/lib/thumb/v8-m.main+fp/hard\libc_nano.a(lib_a-findfp.o)
                0x00001b10                __sinit
 .text.__sfp    0x00001b80       0x8c c:/siliconlabs/simplicitystudio/v5/developer/toolchains/gnu_arm/10.2_2020q4/bin/../lib/gcc/arm-none-eabi/10.2.1/../../../../arm-none-eabi/lib/thumb/v8-m.main+fp/hard\libc_nano.a(lib_a-findfp.o)
                0x00001b80                __sfp
 .text._fwalk_reent
                0x00001c0c       0x3e c:/siliconlabs/simplicitystudio/v5/developer/toolchains/gnu_arm/10.2_2020q4/bin/../lib/gcc/arm-none-eabi/10.2.1/../../../../arm-none-eabi/lib/thumb/v8-m.main+fp/hard\libc_nano.a(lib_a-fwalk.o)
                0x00001c0c                _fwalk_reent
 .text.__retarget_lock_init_recursive
                0x00001c4a        0x2 c:/siliconlabs/simplicitystudio/v5/developer/toolchains/gnu_arm/10.2_2020q4/bin/../lib/gcc/arm-none-eabi/10.2.1/../../../../arm-none-eabi/lib/thumb/v8-m.main+fp/hard\libc_nano.a(lib_a-lock.o)
                0x00001c4a                __retarget_lock_init_recursive
 .text.__retarget_lock_acquire_recursive
                0x00001c4c        0x2 c:/siliconlabs/simplicitystudio/v5/developer/toolchains/gnu_arm/10.2_2020q4/bin/../lib/gcc/arm-none-eabi/10.2.1/../../../../arm-none-eabi/lib/thumb/v8-m.main+fp/hard\libc_nano.a(lib_a-lock.o)
                0x00001c4c                __retarget_lock_acquire_recursive
 .text.__retarget_lock_release_recursive
                0x00001c4e        0x2 c:/siliconlabs/simplicitystudio/v5/developer/toolchains/gnu_arm/10.2_2020q4/bin/../lib/gcc/arm-none-eabi/10.2.1/../../../../arm-none-eabi/lib/thumb/v8-m.main+fp/hard\libc_nano.a(lib_a-lock.o)
                0x00001c4e                __retarget_lock_release_recursive
 .text._malloc_r
                0x00001c50       0xb4 c:/siliconlabs/simplicitystudio/v5/developer/toolchains/gnu_arm/10.2_2020q4/bin/../lib/gcc/arm-none-eabi/10.2.1/../../../../arm-none-eabi/lib/thumb/v8-m.main+fp/hard\libc_nano.a(lib_a-nano-mallocr.o)
                0x00001c50                _malloc_r
 .text.__sfputc_r
                0x00001d04       0x2e c:/siliconlabs/simplicitystudio/v5/developer/toolchains/gnu_arm/10.2_2020q4/bin/../lib/gcc/arm-none-eabi/10.2.1/../../../../arm-none-eabi/lib/thumb/v8-m.main+fp/hard\libc_nano.a(lib_a-nano-vfprintf.o)
 .text.__sfputs_r
                0x00001d32       0x24 c:/siliconlabs/simplicitystudio/v5/developer/toolchains/gnu_arm/10.2_2020q4/bin/../lib/gcc/arm-none-eabi/10.2.1/../../../../arm-none-eabi/lib/thumb/v8-m.main+fp/hard\libc_nano.a(lib_a-nano-vfprintf.o)
                0x00001d32                __sfputs_r
 *fill*         0x00001d56        0x2 
 .text._vfprintf_r
                0x00001d58      0x260 c:/siliconlabs/simplicitystudio/v5/developer/toolchains/gnu_arm/10.2_2020q4/bin/../lib/gcc/arm-none-eabi/10.2.1/../../../../arm-none-eabi/lib/thumb/v8-m.main+fp/hard\libc_nano.a(lib_a-nano-vfprintf.o)
                0x00001d58                _vfprintf_r
                0x00001d58                _vfiprintf_r
 .text._printf_common
                0x00001fb8       0xe0 c:/siliconlabs/simplicitystudio/v5/developer/toolchains/gnu_arm/10.2_2020q4/bin/../lib/gcc/arm-none-eabi/10.2.1/../../../../arm-none-eabi/lib/thumb/v8-m.main+fp/hard\libc_nano.a(lib_a-nano-vfprintf_i.o)
                0x00001fb8                _printf_common
 .text._printf_i
                0x00002098      0x24c c:/siliconlabs/simplicitystudio/v5/developer/toolchains/gnu_arm/10.2_2020q4/bin/../lib/gcc/arm-none-eabi/10.2.1/../../../../arm-none-eabi/lib/thumb/v8-m.main+fp/hard\libc_nano.a(lib_a-nano-vfprintf_i.o)
                0x00002098                _printf_i
 .text._sbrk_r  0x000022e4       0x20 c:/siliconlabs/simplicitystudio/v5/developer/toolchains/gnu_arm/10.2_2020q4/bin/../lib/gcc/arm-none-eabi/10.2.1/../../../../arm-none-eabi/lib/thumb/v8-m.main+fp/hard\libc_nano.a(lib_a-sbrkr.o)
                0x000022e4                _sbrk_r
 .text.__sread  0x00002304       0x22 c:/siliconlabs/simplicitystudio/v5/developer/toolchains/gnu_arm/10.2_2020q4/bin/../lib/gcc/arm-none-eabi/10.2.1/../../../../arm-none-eabi/lib/thumb/v8-m.main+fp/hard\libc_nano.a(lib_a-stdio.o)
                0x00002304                __sread
 .text.__swrite
                0x00002326       0x38 c:/siliconlabs/simplicitystudio/v5/developer/toolchains/gnu_arm/10.2_2020q4/bin/../lib/gcc/arm-none-eabi/10.2.1/../../../../arm-none-eabi/lib/thumb/v8-m.main+fp/hard\libc_nano.a(lib_a-stdio.o)
                0x00002326                __swrite
 .text.__sseek  0x0000235e       0x24 c:/siliconlabs/simplicitystudio/v5/developer/toolchains/gnu_arm/10.2_2020q4/bin/../lib/gcc/arm-none-eabi/10.2.1/../../../../arm-none-eabi/lib/thumb/v8-m.main+fp/hard\libc_nano.a(lib_a-stdio.o)
                0x0000235e                __sseek
 .text.__sclose
                0x00002382        0x8 c:/siliconlabs/simplicitystudio/v5/developer/toolchains/gnu_arm/10.2_2020q4/bin/../lib/gcc/arm-none-eabi/10.2.1/../../../../arm-none-eabi/lib/thumb/v8-m.main+fp/hard\libc_nano.a(lib_a-stdio.o)
                0x00002382                __sclose
 *fill*         0x0000238a        0x2 
 .text.__swbuf_r
                0x0000238c       0xa4 c:/siliconlabs/simplicitystudio/v5/developer/toolchains/gnu_arm/10.2_2020q4/bin/../lib/gcc/arm-none-eabi/10.2.1/../../../../arm-none-eabi/lib/thumb/v8-m.main+fp/hard\libc_nano.a(lib_a-wbuf.o)
                0x0000238c                __swbuf_r
 .text._write_r
                0x00002430       0x24 c:/siliconlabs/simplicitystudio/v5/developer/toolchains/gnu_arm/10.2_2020q4/bin/../lib/gcc/arm-none-eabi/10.2.1/../../../../arm-none-eabi/lib/thumb/v8-m.main+fp/hard\libc_nano.a(lib_a-writer.o)
                0x00002430                _write_r
 .text.__swsetup_r
                0x00002454       0xdc c:/siliconlabs/simplicitystudio/v5/developer/toolchains/gnu_arm/10.2_2020q4/bin/../lib/gcc/arm-none-eabi/10.2.1/../../../../arm-none-eabi/lib/thumb/v8-m.main+fp/hard\libc_nano.a(lib_a-wsetup.o)
                0x00002454                __swsetup_r
 .text._close_r
                0x00002530       0x20 c:/siliconlabs/simplicitystudio/v5/developer/toolchains/gnu_arm/10.2_2020q4/bin/../lib/gcc/arm-none-eabi/10.2.1/../../../../arm-none-eabi/lib/thumb/v8-m.main+fp/hard\libc_nano.a(lib_a-closer.o)
                0x00002530                _close_r
 .text.__sflush_r
                0x00002550      0x108 c:/siliconlabs/simplicitystudio/v5/developer/toolchains/gnu_arm/10.2_2020q4/bin/../lib/gcc/arm-none-eabi/10.2.1/../../../../arm-none-eabi/lib/thumb/v8-m.main+fp/hard\libc_nano.a(lib_a-fflush.o)
                0x00002550                __sflush_r
 .text._fflush_r
                0x00002658       0x78 c:/siliconlabs/simplicitystudio/v5/developer/toolchains/gnu_arm/10.2_2020q4/bin/../lib/gcc/arm-none-eabi/10.2.1/../../../../arm-none-eabi/lib/thumb/v8-m.main+fp/hard\libc_nano.a(lib_a-fflush.o)
                0x00002658                _fflush_r
 .text._lseek_r
                0x000026d0       0x24 c:/siliconlabs/simplicitystudio/v5/developer/toolchains/gnu_arm/10.2_2020q4/bin/../lib/gcc/arm-none-eabi/10.2.1/../../../../arm-none-eabi/lib/thumb/v8-m.main+fp/hard\libc_nano.a(lib_a-lseekr.o)
                0x000026d0                _lseek_r
 .text.__swhatbuf_r
                0x000026f4       0x4a c:/siliconlabs/simplicitystudio/v5/developer/toolchains/gnu_arm/10.2_2020q4/bin/../lib/gcc/arm-none-eabi/10.2.1/../../../../arm-none-eabi/lib/thumb/v8-m.main+fp/hard\libc_nano.a(lib_a-makebuf.o)
                0x000026f4                __swhatbuf_r
 *fill*         0x0000273e        0x2 
 .text.__smakebuf_r
                0x00002740       0x80 c:/siliconlabs/simplicitystudio/v5/developer/toolchains/gnu_arm/10.2_2020q4/bin/../lib/gcc/arm-none-eabi/10.2.1/../../../../arm-none-eabi/lib/thumb/v8-m.main+fp/hard\libc_nano.a(lib_a-makebuf.o)
                0x00002740                __smakebuf_r
 .text.memchr   0x000027c0       0x1c c:/siliconlabs/simplicitystudio/v5/developer/toolchains/gnu_arm/10.2_2020q4/bin/../lib/gcc/arm-none-eabi/10.2.1/../../../../arm-none-eabi/lib/thumb/v8-m.main+fp/hard\libc_nano.a(lib_a-memchr-stub.o)
                0x000027c0                memchr
 .text.__malloc_lock
                0x000027dc        0xc c:/siliconlabs/simplicitystudio/v5/developer/toolchains/gnu_arm/10.2_2020q4/bin/../lib/gcc/arm-none-eabi/10.2.1/../../../../arm-none-eabi/lib/thumb/v8-m.main+fp/hard\libc_nano.a(lib_a-mlock.o)
                0x000027dc                __malloc_lock
 .text.__malloc_unlock
                0x000027e8        0xc c:/siliconlabs/simplicitystudio/v5/developer/toolchains/gnu_arm/10.2_2020q4/bin/../lib/gcc/arm-none-eabi/10.2.1/../../../../arm-none-eabi/lib/thumb/v8-m.main+fp/hard\libc_nano.a(lib_a-mlock.o)
                0x000027e8                __malloc_unlock
 .text._free_r  0x000027f4       0x98 c:/siliconlabs/simplicitystudio/v5/developer/toolchains/gnu_arm/10.2_2020q4/bin/../lib/gcc/arm-none-eabi/10.2.1/../../../../arm-none-eabi/lib/thumb/v8-m.main+fp/hard\libc_nano.a(lib_a-nano-freer.o)
                0x000027f4                _free_r
 .text._read_r  0x0000288c       0x24 c:/siliconlabs/simplicitystudio/v5/developer/toolchains/gnu_arm/10.2_2020q4/bin/../lib/gcc/arm-none-eabi/10.2.1/../../../../arm-none-eabi/lib/thumb/v8-m.main+fp/hard\libc_nano.a(lib_a-readr.o)
                0x0000288c                _read_r
 .text._fstat_r
                0x000028b0       0x24 c:/siliconlabs/simplicitystudio/v5/developer/toolchains/gnu_arm/10.2_2020q4/bin/../lib/gcc/arm-none-eabi/10.2.1/../../../../arm-none-eabi/lib/thumb/v8-m.main+fp/hard\libc_nano.a(lib_a-fstatr.o)
                0x000028b0                _fstat_r
 .text._isatty_r
                0x000028d4       0x20 c:/siliconlabs/simplicitystudio/v5/developer/toolchains/gnu_arm/10.2_2020q4/bin/../lib/gcc/arm-none-eabi/10.2.1/../../../../arm-none-eabi/lib/thumb/v8-m.main+fp/hard\libc_nano.a(lib_a-isattyr.o)
                0x000028d4                _isatty_r
 .text._close   0x000028f4       0x10 c:/siliconlabs/simplicitystudio/v5/developer/toolchains/gnu_arm/10.2_2020q4/bin/../lib/gcc/arm-none-eabi/10.2.1/../../../../arm-none-eabi/lib/thumb/v8-m.main+fp/hard\libnosys.a(close.o)
                0x000028f4                _close
 .text._fstat   0x00002904       0x10 c:/siliconlabs/simplicitystudio/v5/developer/toolchains/gnu_arm/10.2_2020q4/bin/../lib/gcc/arm-none-eabi/10.2.1/../../../../arm-none-eabi/lib/thumb/v8-m.main+fp/hard\libnosys.a(fstat.o)
                0x00002904                _fstat
 .text._isatty  0x00002914       0x10 c:/siliconlabs/simplicitystudio/v5/developer/toolchains/gnu_arm/10.2_2020q4/bin/../lib/gcc/arm-none-eabi/10.2.1/../../../../arm-none-eabi/lib/thumb/v8-m.main+fp/hard\libnosys.a(isatty.o)
                0x00002914                _isatty
 .text._lseek   0x00002924       0x10 c:/siliconlabs/simplicitystudio/v5/developer/toolchains/gnu_arm/10.2_2020q4/bin/../lib/gcc/arm-none-eabi/10.2.1/../../../../arm-none-eabi/lib/thumb/v8-m.main+fp/hard\libnosys.a(lseek.o)
                0x00002924                _lseek
 .text._read    0x00002934       0x10 c:/siliconlabs/simplicitystudio/v5/developer/toolchains/gnu_arm/10.2_2020q4/bin/../lib/gcc/arm-none-eabi/10.2.1/../../../../arm-none-eabi/lib/thumb/v8-m.main+fp/hard\libnosys.a(read.o)
                0x00002934                _read
 .text._write   0x00002944       0x10 c:/siliconlabs/simplicitystudio/v5/developer/toolchains/gnu_arm/10.2_2020q4/bin/../lib/gcc/arm-none-eabi/10.2.1/../../../../arm-none-eabi/lib/thumb/v8-m.main+fp/hard\libnosys.a(write.o)
                0x00002944                _write
 .text._exit    0x00002954        0x4 c:/siliconlabs/simplicitystudio/v5/developer/toolchains/gnu_arm/10.2_2020q4/bin/../lib/gcc/arm-none-eabi/10.2.1/../../../../arm-none-eabi/lib/thumb/v8-m.main+fp/hard\libnosys.a(_exit.o)
                0x00002954                _exit
                0x00002958                linker_code_end = .
 *(.init)
 .init          0x00002958        0x4 c:/siliconlabs/simplicitystudio/v5/developer/toolchains/gnu_arm/10.2_2020q4/bin/../lib/gcc/arm-none-eabi/10.2.1/thumb/v8-m.main+fp/hard/crti.o
                0x00002958                _init
 .init          0x0000295c        0x8 c:/siliconlabs/simplicitystudio/v5/developer/toolchains/gnu_arm/10.2_2020q4/bin/../lib/gcc/arm-none-eabi/10.2.1/thumb/v8-m.main+fp/hard/crtn.o
 *(.fini)
 .fini          0x00002964        0x4 c:/siliconlabs/simplicitystudio/v5/developer/toolchains/gnu_arm/10.2_2020q4/bin/../lib/gcc/arm-none-eabi/10.2.1/thumb/v8-m.main+fp/hard/crti.o
                0x00002964                _fini
 .fini          0x00002968        0x8 c:/siliconlabs/simplicitystudio/v5/developer/toolchains/gnu_arm/10.2_2020q4/bin/../lib/gcc/arm-none-eabi/10.2.1/thumb/v8-m.main+fp/hard/crtn.o
 *crtbegin.o(.ctors)
 *crtbegin?.o(.ctors)
 *(EXCLUDE_FILE(*crtend.o *crtend?.o) .ctors)
 *(SORT_BY_NAME(.ctors.*))
 *(.ctors)
 *crtbegin.o(.dtors)
 *crtbegin?.o(.dtors)
 *(EXCLUDE_FILE(*crtend.o *crtend?.o) .dtors)
 *(SORT_BY_NAME(.dtors.*))
 *(.dtors)
 *(.rodata*)
 .rodata.GPIO_PinOutSet.constprop.0.str1.1
                0x00002970       0x4c ./main.o
 .rodata.Hex2Float.str1.1
                0x000029bc        0x4 ./main.o
 .rodata        0x000029c0       0x10 ./main.o
 .rodata.DelayTicksEM1.part.0.str1.1
                0x000029d0       0x4d ./gecko_sdk_4.0.0/platform/emdrv/ustimer/src/ustimer.o
 .rodata.HFRCODPLLDevinfoGet.str1.1
                0x00002a1d       0x4b ./gecko_sdk_4.0.0/platform/emlib/src/em_cmu.o
 .rodata.BUS_RegBitWrite.str1.1
                0x00002a68       0x4b ./gecko_sdk_4.0.0/platform/emlib/src/em_gpio.o
 .rodata.GPIO_PinOutSet.str1.1
                0x00002ab3       0x4c ./gecko_sdk_4.0.0/platform/emlib/src/em_gpio.o
 .rodata.GPIO_ExtIntConfig.str1.1
                0x00002ab3       0x4c ./gecko_sdk_4.0.0/platform/emlib/src/em_gpio.o
 .rodata.I2C_BusFreqGet.str1.1
                0x00002aff       0x4b ./gecko_sdk_4.0.0/platform/emlib/src/em_i2c.o
 *fill*         0x00002b4a        0x2 
 .rodata.CSWTCH.12
                0x00002b4c        0xc ./gecko_sdk_4.0.0/platform/emlib/src/em_i2c.o
 .rodata.CSWTCH.13
                0x00002b58        0xc ./gecko_sdk_4.0.0/platform/emlib/src/em_i2c.o
 .rodata.i2cNSum
                0x00002b64        0x4 ./gecko_sdk_4.0.0/platform/emlib/src/em_i2c.o
 .rodata.timerPrsConfig.str1.1
                0x00002b68       0x4d ./gecko_sdk_4.0.0/platform/emlib/src/em_timer.o
 *fill*         0x00002bb5        0x3 
 .rodata._global_impure_ptr
                0x00002bb8        0x4 c:/siliconlabs/simplicitystudio/v5/developer/toolchains/gnu_arm/10.2_2020q4/bin/../lib/gcc/arm-none-eabi/10.2.1/../../../../arm-none-eabi/lib/thumb/v8-m.main+fp/hard\libc_nano.a(lib_a-impure.o)
                0x00002bb8                _global_impure_ptr
 .rodata.__sf_fake_stderr
                0x00002bbc       0x20 c:/siliconlabs/simplicitystudio/v5/developer/toolchains/gnu_arm/10.2_2020q4/bin/../lib/gcc/arm-none-eabi/10.2.1/../../../../arm-none-eabi/lib/thumb/v8-m.main+fp/hard\libc_nano.a(lib_a-findfp.o)
                0x00002bbc                __sf_fake_stderr
 .rodata.__sf_fake_stdin
                0x00002bdc       0x20 c:/siliconlabs/simplicitystudio/v5/developer/toolchains/gnu_arm/10.2_2020q4/bin/../lib/gcc/arm-none-eabi/10.2.1/../../../../arm-none-eabi/lib/thumb/v8-m.main+fp/hard\libc_nano.a(lib_a-findfp.o)
                0x00002bdc                __sf_fake_stdin
 .rodata.__sf_fake_stdout
                0x00002bfc       0x20 c:/siliconlabs/simplicitystudio/v5/developer/toolchains/gnu_arm/10.2_2020q4/bin/../lib/gcc/arm-none-eabi/10.2.1/../../../../arm-none-eabi/lib/thumb/v8-m.main+fp/hard\libc_nano.a(lib_a-findfp.o)
                0x00002bfc                __sf_fake_stdout
 .rodata._vfprintf_r.str1.1
                0x00002c1c       0x11 c:/siliconlabs/simplicitystudio/v5/developer/toolchains/gnu_arm/10.2_2020q4/bin/../lib/gcc/arm-none-eabi/10.2.1/../../../../arm-none-eabi/lib/thumb/v8-m.main+fp/hard\libc_nano.a(lib_a-nano-vfprintf.o)
 .rodata._printf_i.str1.1
                0x00002c2d       0x22 c:/siliconlabs/simplicitystudio/v5/developer/toolchains/gnu_arm/10.2_2020q4/bin/../lib/gcc/arm-none-eabi/10.2.1/../../../../arm-none-eabi/lib/thumb/v8-m.main+fp/hard\libc_nano.a(lib_a-nano-vfprintf_i.o)
 *(.eh_frame*)
 *fill*         0x00002c4f        0x1 
 .eh_frame      0x00002c50        0x0 c:/siliconlabs/simplicitystudio/v5/developer/toolchains/gnu_arm/10.2_2020q4/bin/../lib/gcc/arm-none-eabi/10.2.1/thumb/v8-m.main+fp/hard/crtbegin.o

.glue_7         0x00002c50        0x0
 .glue_7        0x00002c50        0x0 linker stubs

.glue_7t        0x00002c50        0x0
 .glue_7t       0x00002c50        0x0 linker stubs

.vfp11_veneer   0x00002c50        0x0
 .vfp11_veneer  0x00002c50        0x0 linker stubs

.v4_bx          0x00002c50        0x0
 .v4_bx         0x00002c50        0x0 linker stubs

.iplt           0x00002c50        0x0
 .iplt          0x00002c50        0x0 c:/siliconlabs/simplicitystudio/v5/developer/toolchains/gnu_arm/10.2_2020q4/bin/../lib/gcc/arm-none-eabi/10.2.1/thumb/v8-m.main+fp/hard/crtbegin.o

.ARM.extab
 *(.ARM.extab* .gnu.linkonce.armextab.*)
                0x00002c50                __exidx_start = .

.ARM.exidx      0x00002c50        0x8
 *(.ARM.exidx* .gnu.linkonce.armexidx.*)
 .ARM.exidx     0x00002c50        0x8 c:/siliconlabs/simplicitystudio/v5/developer/toolchains/gnu_arm/10.2_2020q4/bin/../lib/gcc/arm-none-eabi/10.2.1/../../../../arm-none-eabi/lib/thumb/v8-m.main+fp/hard/crt0.o
                                 0x10 (size before relaxing)
 .ARM.exidx     0x00002c58        0x0 c:/siliconlabs/simplicitystudio/v5/developer/toolchains/gnu_arm/10.2_2020q4/bin/../lib/gcc/arm-none-eabi/10.2.1/thumb/v8-m.main+fp/hard\libgcc.a(_udivmoddi4.o)
                                  0x8 (size before relaxing)
                0x00002c58                __exidx_end = .
                0x00002c58                __etext = .

.rel.dyn        0x00002c58        0x0
 .rel.iplt      0x00002c58        0x0 c:/siliconlabs/simplicitystudio/v5/developer/toolchains/gnu_arm/10.2_2020q4/bin/../lib/gcc/arm-none-eabi/10.2.1/thumb/v8-m.main+fp/hard/crtbegin.o
                0x20000000                . = ORIGIN (RAM)

.stack          0x20000000     0x1000
                0x20000000                __StackLimit = .
 *(.stack*)
 .stack         0x20000000        0x0 ./gecko_sdk_4.0.0/platform/Device/SiliconLabs/EFR32MG21/Source/GCC/startup_efr32mg21.o
 .stack         0x20000000     0x1000 ./gecko_sdk_4.0.0/platform/common/toolchain/src/sl_memory.o
                0x20001000                . = ALIGN (0x4)
                0x20001000                __StackTop = .
                0x20001000                PROVIDE (__stack = __StackTop)

.noinit
 *(.noinit*)

.data           0x20001000       0x80 load address 0x00002c58
                0x20001000                . = ALIGN (0x4)
                0x20001000                __data_start__ = .
 *(vtable)
 *(.data*)
 .data.SystemCoreClock
                0x20001000        0x4 ./gecko_sdk_4.0.0/platform/Device/SiliconLabs/EFR32MG21/Source/system_efr32mg21.o
                0x20001000                SystemCoreClock
 .data.SystemHFRCODPLLClock
                0x20001004        0x4 ./gecko_sdk_4.0.0/platform/Device/SiliconLabs/EFR32MG21/Source/system_efr32mg21.o
 .data.SystemHFXOClock
                0x20001008        0x4 ./gecko_sdk_4.0.0/platform/Device/SiliconLabs/EFR32MG21/Source/system_efr32mg21.o
 .data.SystemLFXOClock
                0x2000100c        0x4 ./gecko_sdk_4.0.0/platform/Device/SiliconLabs/EFR32MG21/Source/system_efr32mg21.o
 .data.heap_end.0
                0x20001010        0x4 ./gecko_sdk_4.0.0/platform/common/toolchain/src/sl_memory.o
 .data._impure_ptr
                0x20001014        0x4 c:/siliconlabs/simplicitystudio/v5/developer/toolchains/gnu_arm/10.2_2020q4/bin/../lib/gcc/arm-none-eabi/10.2.1/../../../../arm-none-eabi/lib/thumb/v8-m.main+fp/hard\libc_nano.a(lib_a-impure.o)
                0x20001014                _impure_ptr
 .data.impure_data
                0x20001018       0x60 c:/siliconlabs/simplicitystudio/v5/developer/toolchains/gnu_arm/10.2_2020q4/bin/../lib/gcc/arm-none-eabi/10.2.1/../../../../arm-none-eabi/lib/thumb/v8-m.main+fp/hard\libc_nano.a(lib_a-impure.o)
                0x20001078                . = ALIGN (0x4)
                [!provide]                PROVIDE (__ram_func_section_start = .)
 *(.ram)
                [!provide]                PROVIDE (__ram_func_section_end = .)
                0x20001078                . = ALIGN (0x4)
                0x20001078                PROVIDE (__preinit_array_start = .)
 *(.preinit_array)
                0x20001078                PROVIDE (__preinit_array_end = .)
                0x20001078                . = ALIGN (0x4)
                0x20001078                PROVIDE (__init_array_start = .)
 *(SORT_BY_NAME(.init_array.*))
 *(.init_array)
 .init_array    0x20001078        0x4 c:/siliconlabs/simplicitystudio/v5/developer/toolchains/gnu_arm/10.2_2020q4/bin/../lib/gcc/arm-none-eabi/10.2.1/thumb/v8-m.main+fp/hard/crtbegin.o
                0x2000107c                PROVIDE (__init_array_end = .)
                0x2000107c                . = ALIGN (0x4)
                [!provide]                PROVIDE (__fini_array_start = .)
 *(SORT_BY_NAME(.fini_array.*))
 *(.fini_array)
 .fini_array    0x2000107c        0x4 c:/siliconlabs/simplicitystudio/v5/developer/toolchains/gnu_arm/10.2_2020q4/bin/../lib/gcc/arm-none-eabi/10.2.1/thumb/v8-m.main+fp/hard/crtbegin.o
                [!provide]                PROVIDE (__fini_array_end = .)
                0x20001080                . = ALIGN (0x4)
                0x20001080                __data_end__ = .

.igot.plt       0x20001080        0x0 load address 0x00002cd8
 .igot.plt      0x20001080        0x0 c:/siliconlabs/simplicitystudio/v5/developer/toolchains/gnu_arm/10.2_2020q4/bin/../lib/gcc/arm-none-eabi/10.2.1/thumb/v8-m.main+fp/hard/crtbegin.o

.bss            0x20001080       0x88 load address 0x00002cd8
                0x20001080                . = ALIGN (0x4)
                0x20001080                __bss_start__ = .
 *(.bss*)
 .bss           0x20001080       0x1c c:/siliconlabs/simplicitystudio/v5/developer/toolchains/gnu_arm/10.2_2020q4/bin/../lib/gcc/arm-none-eabi/10.2.1/thumb/v8-m.main+fp/hard/crtbegin.o
 .bss.co2       0x2000109c        0x4 ./main.o
 .bss.debug_i2cTransfer
                0x200010a0       0x14 ./main.o
 .bss.debug_rxbuffer
                0x200010b4        0x2 ./main.o
 .bss.debug_txbuffer
                0x200010b6        0x2 ./main.o
 .bss.hum       0x200010b8        0x4 ./main.o
 .bss.i2c_rxBuffer
                0x200010bc       0x12 ./main.o
                0x200010bc                i2c_rxBuffer
 .bss.i2c_startTx
                0x200010ce        0x1 ./main.o
                0x200010ce                i2c_startTx
 .bss.leng      0x200010cf        0x1 ./main.o
 .bss.temp      0x200010d0        0x4 ./main.o
 .bss.freq      0x200010d4        0x4 ./gecko_sdk_4.0.0/platform/emdrv/ustimer/src/ustimer.o
 .bss.minTicks  0x200010d8        0x4 ./gecko_sdk_4.0.0/platform/emdrv/ustimer/src/ustimer.o
 .bss.timeElapsed
                0x200010dc        0x1 ./gecko_sdk_4.0.0/platform/emdrv/ustimer/src/ustimer.o
 *fill*         0x200010dd        0x3 
 .bss.i2cTransfer
                0x200010e0       0x18 ./gecko_sdk_4.0.0/platform/emlib/src/em_i2c.o
 .bss.__lock___malloc_recursive_mutex
                0x200010f8        0x1 c:/siliconlabs/simplicitystudio/v5/developer/toolchains/gnu_arm/10.2_2020q4/bin/../lib/gcc/arm-none-eabi/10.2.1/../../../../arm-none-eabi/lib/thumb/v8-m.main+fp/hard\libc_nano.a(lib_a-lock.o)
                0x200010f8                __lock___malloc_recursive_mutex
 .bss.__lock___sfp_recursive_mutex
                0x200010f9        0x1 c:/siliconlabs/simplicitystudio/v5/developer/toolchains/gnu_arm/10.2_2020q4/bin/../lib/gcc/arm-none-eabi/10.2.1/../../../../arm-none-eabi/lib/thumb/v8-m.main+fp/hard\libc_nano.a(lib_a-lock.o)
                0x200010f9                __lock___sfp_recursive_mutex
 .bss.__lock___sinit_recursive_mutex
                0x200010fa        0x1 c:/siliconlabs/simplicitystudio/v5/developer/toolchains/gnu_arm/10.2_2020q4/bin/../lib/gcc/arm-none-eabi/10.2.1/../../../../arm-none-eabi/lib/thumb/v8-m.main+fp/hard\libc_nano.a(lib_a-lock.o)
                0x200010fa                __lock___sinit_recursive_mutex
 *fill*         0x200010fb        0x1 
 .bss.__malloc_free_list
                0x200010fc        0x4 c:/siliconlabs/simplicitystudio/v5/developer/toolchains/gnu_arm/10.2_2020q4/bin/../lib/gcc/arm-none-eabi/10.2.1/../../../../arm-none-eabi/lib/thumb/v8-m.main+fp/hard\libc_nano.a(lib_a-nano-mallocr.o)
                0x200010fc                __malloc_free_list
 .bss.__malloc_sbrk_start
                0x20001100        0x4 c:/siliconlabs/simplicitystudio/v5/developer/toolchains/gnu_arm/10.2_2020q4/bin/../lib/gcc/arm-none-eabi/10.2.1/../../../../arm-none-eabi/lib/thumb/v8-m.main+fp/hard\libc_nano.a(lib_a-nano-mallocr.o)
                0x20001100                __malloc_sbrk_start
 .bss.errno     0x20001104        0x4 c:/siliconlabs/simplicitystudio/v5/developer/toolchains/gnu_arm/10.2_2020q4/bin/../lib/gcc/arm-none-eabi/10.2.1/../../../../arm-none-eabi/lib/thumb/v8-m.main+fp/hard\libc_nano.a(lib_a-reent.o)
                0x20001104                errno
 *(COMMON)
                0x20001108                . = ALIGN (0x4)
                0x20001108                __bss_end__ = .

.heap           0x20001108    0x16ef8
                0x20001108                __HeapBase = .
                0x20001108                __end__ = .
                0x20001108                end = __end__
                0x20001108                _end = __end__
 *(.heap*)
 .heap          0x20001108      0x800 ./gecko_sdk_4.0.0/platform/common/toolchain/src/sl_memory.o
                0x20018000                . = (ORIGIN (RAM) + LENGTH (RAM))
 *fill*         0x20001908    0x166f8 
                0x20018000                __HeapLimit = .
                0x00016ef8                __heap_size = (__HeapLimit - __HeapBase)
                0x000fe000                __main_flash_end__ = 0xfe000

.internal_storage
                0x00002c58        0x0
 *(.internal_storage*)

.nvm            0x00002c58        0x0
 *(.simee*)
                0x000fe000                linker_nvm_end = __main_flash_end__
                0x000fe000                linker_nvm_begin = (linker_nvm_end - SIZEOF (.nvm))
                0x00000000                linker_nvm_size = SIZEOF (.nvm)
                0x000fe000                linker_storage_end = linker_nvm_begin
                0x000fe000                linker_storage_begin = (linker_storage_end - SIZEOF (.internal_storage))
                0x00000000                linker_storage_size = SIZEOF (.internal_storage)
                0x000fe000                __nvm3Base = linker_nvm_begin
OUTPUT(I2C_SCD30.axf elf32-littlearm)
LOAD linker stubs

.ARM.attributes
                0x00000000       0x36
 .ARM.attributes
                0x00000000       0x22 c:/siliconlabs/simplicitystudio/v5/developer/toolchains/gnu_arm/10.2_2020q4/bin/../lib/gcc/arm-none-eabi/10.2.1/thumb/v8-m.main+fp/hard/crti.o
 .ARM.attributes
                0x00000022       0x38 c:/siliconlabs/simplicitystudio/v5/developer/toolchains/gnu_arm/10.2_2020q4/bin/../lib/gcc/arm-none-eabi/10.2.1/thumb/v8-m.main+fp/hard/crtbegin.o
 .ARM.attributes
                0x0000005a       0x20 c:/siliconlabs/simplicitystudio/v5/developer/toolchains/gnu_arm/10.2_2020q4/bin/../lib/gcc/arm-none-eabi/10.2.1/../../../../arm-none-eabi/lib/thumb/v8-m.main+fp/hard/crt0.o
 .ARM.attributes
                0x0000007a       0x3a ./main.o
 .ARM.attributes
                0x000000b4       0x3a ./gecko_sdk_4.0.0/platform/Device/SiliconLabs/EFR32MG21/Source/GCC/startup_efr32mg21.o
 .ARM.attributes
                0x000000ee       0x3a ./gecko_sdk_4.0.0/platform/Device/SiliconLabs/EFR32MG21/Source/system_efr32mg21.o
 .ARM.attributes
                0x00000128       0x3a ./gecko_sdk_4.0.0/platform/common/toolchain/src/sl_memory.o
 .ARM.attributes
                0x00000162       0x3a ./gecko_sdk_4.0.0/platform/emdrv/ustimer/src/ustimer.o
 .ARM.attributes
                0x0000019c       0x3a ./gecko_sdk_4.0.0/platform/emlib/src/em_assert.o
 .ARM.attributes
                0x000001d6       0x3a ./gecko_sdk_4.0.0/platform/emlib/src/em_cmu.o
 .ARM.attributes
                0x00000210       0x3a ./gecko_sdk_4.0.0/platform/emlib/src/em_core.o
 .ARM.attributes
                0x0000024a       0x3a ./gecko_sdk_4.0.0/platform/emlib/src/em_gpio.o
 .ARM.attributes
                0x00000284       0x3a ./gecko_sdk_4.0.0/platform/emlib/src/em_i2c.o
 .ARM.attributes
                0x000002be       0x3a ./gecko_sdk_4.0.0/platform/emlib/src/em_system.o
 .ARM.attributes
                0x000002f8       0x3a ./gecko_sdk_4.0.0/platform/emlib/src/em_timer.o
 .ARM.attributes
                0x00000332       0x22 c:/siliconlabs/simplicitystudio/v5/developer/toolchains/gnu_arm/10.2_2020q4/bin/../lib/gcc/arm-none-eabi/10.2.1/thumb/v8-m.main+fp/hard\libgcc.a(_aeabi_uldivmod.o)
 .ARM.attributes
                0x00000354       0x38 c:/siliconlabs/simplicitystudio/v5/developer/toolchains/gnu_arm/10.2_2020q4/bin/../lib/gcc/arm-none-eabi/10.2.1/thumb/v8-m.main+fp/hard\libgcc.a(_udivmoddi4.o)
 .ARM.attributes
                0x0000038c       0x22 c:/siliconlabs/simplicitystudio/v5/developer/toolchains/gnu_arm/10.2_2020q4/bin/../lib/gcc/arm-none-eabi/10.2.1/thumb/v8-m.main+fp/hard\libgcc.a(_dvmd_tls.o)
 .ARM.attributes
                0x000003ae       0x38 c:/siliconlabs/simplicitystudio/v5/developer/toolchains/gnu_arm/10.2_2020q4/bin/../lib/gcc/arm-none-eabi/10.2.1/../../../../arm-none-eabi/lib/thumb/v8-m.main+fp/hard\libc_nano.a(lib_a-exit.o)
 .ARM.attributes
                0x000003e6       0x36 c:/siliconlabs/simplicitystudio/v5/developer/toolchains/gnu_arm/10.2_2020q4/bin/../lib/gcc/arm-none-eabi/10.2.1/../../../../arm-none-eabi/lib/thumb/v8-m.main+fp/hard\libc_nano.a(lib_a-impure.o)
 .ARM.attributes
                0x0000041c       0x38 c:/siliconlabs/simplicitystudio/v5/developer/toolchains/gnu_arm/10.2_2020q4/bin/../lib/gcc/arm-none-eabi/10.2.1/../../../../arm-none-eabi/lib/thumb/v8-m.main+fp/hard\libc_nano.a(lib_a-init.o)
 .ARM.attributes
                0x00000454       0x38 c:/siliconlabs/simplicitystudio/v5/developer/toolchains/gnu_arm/10.2_2020q4/bin/../lib/gcc/arm-none-eabi/10.2.1/../../../../arm-none-eabi/lib/thumb/v8-m.main+fp/hard\libc_nano.a(lib_a-memset.o)
 .ARM.attributes
                0x0000048c       0x38 c:/siliconlabs/simplicitystudio/v5/developer/toolchains/gnu_arm/10.2_2020q4/bin/../lib/gcc/arm-none-eabi/10.2.1/../../../../arm-none-eabi/lib/thumb/v8-m.main+fp/hard\libc_nano.a(lib_a-printf.o)
 .ARM.attributes
                0x000004c4       0x38 c:/siliconlabs/simplicitystudio/v5/developer/toolchains/gnu_arm/10.2_2020q4/bin/../lib/gcc/arm-none-eabi/10.2.1/../../../../arm-none-eabi/lib/thumb/v8-m.main+fp/hard\libc_nano.a(lib_a-findfp.o)
 .ARM.attributes
                0x000004fc       0x38 c:/siliconlabs/simplicitystudio/v5/developer/toolchains/gnu_arm/10.2_2020q4/bin/../lib/gcc/arm-none-eabi/10.2.1/../../../../arm-none-eabi/lib/thumb/v8-m.main+fp/hard\libc_nano.a(lib_a-fwalk.o)
 .ARM.attributes
                0x00000534       0x38 c:/siliconlabs/simplicitystudio/v5/developer/toolchains/gnu_arm/10.2_2020q4/bin/../lib/gcc/arm-none-eabi/10.2.1/../../../../arm-none-eabi/lib/thumb/v8-m.main+fp/hard\libc_nano.a(lib_a-lock.o)
 .ARM.attributes
                0x0000056c       0x38 c:/siliconlabs/simplicitystudio/v5/developer/toolchains/gnu_arm/10.2_2020q4/bin/../lib/gcc/arm-none-eabi/10.2.1/../../../../arm-none-eabi/lib/thumb/v8-m.main+fp/hard\libc_nano.a(lib_a-nano-mallocr.o)
 .ARM.attributes
                0x000005a4       0x38 c:/siliconlabs/simplicitystudio/v5/developer/toolchains/gnu_arm/10.2_2020q4/bin/../lib/gcc/arm-none-eabi/10.2.1/../../../../arm-none-eabi/lib/thumb/v8-m.main+fp/hard\libc_nano.a(lib_a-nano-vfprintf.o)
 .ARM.attributes
                0x000005dc       0x38 c:/siliconlabs/simplicitystudio/v5/developer/toolchains/gnu_arm/10.2_2020q4/bin/../lib/gcc/arm-none-eabi/10.2.1/../../../../arm-none-eabi/lib/thumb/v8-m.main+fp/hard\libc_nano.a(lib_a-nano-vfprintf_i.o)
 .ARM.attributes
                0x00000614       0x38 c:/siliconlabs/simplicitystudio/v5/developer/toolchains/gnu_arm/10.2_2020q4/bin/../lib/gcc/arm-none-eabi/10.2.1/../../../../arm-none-eabi/lib/thumb/v8-m.main+fp/hard\libc_nano.a(lib_a-sbrkr.o)
 .ARM.attributes
                0x0000064c       0x38 c:/siliconlabs/simplicitystudio/v5/developer/toolchains/gnu_arm/10.2_2020q4/bin/../lib/gcc/arm-none-eabi/10.2.1/../../../../arm-none-eabi/lib/thumb/v8-m.main+fp/hard\libc_nano.a(lib_a-stdio.o)
 .ARM.attributes
                0x00000684       0x38 c:/siliconlabs/simplicitystudio/v5/developer/toolchains/gnu_arm/10.2_2020q4/bin/../lib/gcc/arm-none-eabi/10.2.1/../../../../arm-none-eabi/lib/thumb/v8-m.main+fp/hard\libc_nano.a(lib_a-wbuf.o)
 .ARM.attributes
                0x000006bc       0x38 c:/siliconlabs/simplicitystudio/v5/developer/toolchains/gnu_arm/10.2_2020q4/bin/../lib/gcc/arm-none-eabi/10.2.1/../../../../arm-none-eabi/lib/thumb/v8-m.main+fp/hard\libc_nano.a(lib_a-writer.o)
 .ARM.attributes
                0x000006f4       0x38 c:/siliconlabs/simplicitystudio/v5/developer/toolchains/gnu_arm/10.2_2020q4/bin/../lib/gcc/arm-none-eabi/10.2.1/../../../../arm-none-eabi/lib/thumb/v8-m.main+fp/hard\libc_nano.a(lib_a-wsetup.o)
 .ARM.attributes
                0x0000072c       0x38 c:/siliconlabs/simplicitystudio/v5/developer/toolchains/gnu_arm/10.2_2020q4/bin/../lib/gcc/arm-none-eabi/10.2.1/../../../../arm-none-eabi/lib/thumb/v8-m.main+fp/hard\libc_nano.a(lib_a-closer.o)
 .ARM.attributes
                0x00000764       0x38 c:/siliconlabs/simplicitystudio/v5/developer/toolchains/gnu_arm/10.2_2020q4/bin/../lib/gcc/arm-none-eabi/10.2.1/../../../../arm-none-eabi/lib/thumb/v8-m.main+fp/hard\libc_nano.a(lib_a-fflush.o)
 .ARM.attributes
                0x0000079c       0x38 c:/siliconlabs/simplicitystudio/v5/developer/toolchains/gnu_arm/10.2_2020q4/bin/../lib/gcc/arm-none-eabi/10.2.1/../../../../arm-none-eabi/lib/thumb/v8-m.main+fp/hard\libc_nano.a(lib_a-lseekr.o)
 .ARM.attributes
                0x000007d4       0x38 c:/siliconlabs/simplicitystudio/v5/developer/toolchains/gnu_arm/10.2_2020q4/bin/../lib/gcc/arm-none-eabi/10.2.1/../../../../arm-none-eabi/lib/thumb/v8-m.main+fp/hard\libc_nano.a(lib_a-makebuf.o)
 .ARM.attributes
                0x0000080c       0x38 c:/siliconlabs/simplicitystudio/v5/developer/toolchains/gnu_arm/10.2_2020q4/bin/../lib/gcc/arm-none-eabi/10.2.1/../../../../arm-none-eabi/lib/thumb/v8-m.main+fp/hard\libc_nano.a(lib_a-memchr-stub.o)
 .ARM.attributes
                0x00000844       0x38 c:/siliconlabs/simplicitystudio/v5/developer/toolchains/gnu_arm/10.2_2020q4/bin/../lib/gcc/arm-none-eabi/10.2.1/../../../../arm-none-eabi/lib/thumb/v8-m.main+fp/hard\libc_nano.a(lib_a-mlock.o)
 .ARM.attributes
                0x0000087c       0x38 c:/siliconlabs/simplicitystudio/v5/developer/toolchains/gnu_arm/10.2_2020q4/bin/../lib/gcc/arm-none-eabi/10.2.1/../../../../arm-none-eabi/lib/thumb/v8-m.main+fp/hard\libc_nano.a(lib_a-nano-freer.o)
 .ARM.attributes
                0x000008b4       0x38 c:/siliconlabs/simplicitystudio/v5/developer/toolchains/gnu_arm/10.2_2020q4/bin/../lib/gcc/arm-none-eabi/10.2.1/../../../../arm-none-eabi/lib/thumb/v8-m.main+fp/hard\libc_nano.a(lib_a-readr.o)
 .ARM.attributes
                0x000008ec       0x38 c:/siliconlabs/simplicitystudio/v5/developer/toolchains/gnu_arm/10.2_2020q4/bin/../lib/gcc/arm-none-eabi/10.2.1/../../../../arm-none-eabi/lib/thumb/v8-m.main+fp/hard\libc_nano.a(lib_a-reent.o)
 .ARM.attributes
                0x00000924       0x38 c:/siliconlabs/simplicitystudio/v5/developer/toolchains/gnu_arm/10.2_2020q4/bin/../lib/gcc/arm-none-eabi/10.2.1/../../../../arm-none-eabi/lib/thumb/v8-m.main+fp/hard\libc_nano.a(lib_a-fstatr.o)
 .ARM.attributes
                0x0000095c       0x38 c:/siliconlabs/simplicitystudio/v5/developer/toolchains/gnu_arm/10.2_2020q4/bin/../lib/gcc/arm-none-eabi/10.2.1/../../../../arm-none-eabi/lib/thumb/v8-m.main+fp/hard\libc_nano.a(lib_a-isattyr.o)
 .ARM.attributes
                0x00000994       0x38 c:/siliconlabs/simplicitystudio/v5/developer/toolchains/gnu_arm/10.2_2020q4/bin/../lib/gcc/arm-none-eabi/10.2.1/../../../../arm-none-eabi/lib/thumb/v8-m.main+fp/hard\libnosys.a(close.o)
 .ARM.attributes
                0x000009cc       0x38 c:/siliconlabs/simplicitystudio/v5/developer/toolchains/gnu_arm/10.2_2020q4/bin/../lib/gcc/arm-none-eabi/10.2.1/../../../../arm-none-eabi/lib/thumb/v8-m.main+fp/hard\libnosys.a(fstat.o)
 .ARM.attributes
                0x00000a04       0x38 c:/siliconlabs/simplicitystudio/v5/developer/toolchains/gnu_arm/10.2_2020q4/bin/../lib/gcc/arm-none-eabi/10.2.1/../../../../arm-none-eabi/lib/thumb/v8-m.main+fp/hard\libnosys.a(isatty.o)
 .ARM.attributes
                0x00000a3c       0x38 c:/siliconlabs/simplicitystudio/v5/developer/toolchains/gnu_arm/10.2_2020q4/bin/../lib/gcc/arm-none-eabi/10.2.1/../../../../arm-none-eabi/lib/thumb/v8-m.main+fp/hard\libnosys.a(lseek.o)
 .ARM.attributes
                0x00000a74       0x38 c:/siliconlabs/simplicitystudio/v5/developer/toolchains/gnu_arm/10.2_2020q4/bin/../lib/gcc/arm-none-eabi/10.2.1/../../../../arm-none-eabi/lib/thumb/v8-m.main+fp/hard\libnosys.a(read.o)
 .ARM.attributes
                0x00000aac       0x38 c:/siliconlabs/simplicitystudio/v5/developer/toolchains/gnu_arm/10.2_2020q4/bin/../lib/gcc/arm-none-eabi/10.2.1/../../../../arm-none-eabi/lib/thumb/v8-m.main+fp/hard\libnosys.a(write.o)
 .ARM.attributes
                0x00000ae4       0x38 c:/siliconlabs/simplicitystudio/v5/developer/toolchains/gnu_arm/10.2_2020q4/bin/../lib/gcc/arm-none-eabi/10.2.1/../../../../arm-none-eabi/lib/thumb/v8-m.main+fp/hard\libnosys.a(_exit.o)
 .ARM.attributes
                0x00000b1c       0x22 c:/siliconlabs/simplicitystudio/v5/developer/toolchains/gnu_arm/10.2_2020q4/bin/../lib/gcc/arm-none-eabi/10.2.1/thumb/v8-m.main+fp/hard/crtn.o

.comment        0x00000000       0x4d
 .comment       0x00000000       0x4d ./main.o
                                 0x4e (size before relaxing)
 .comment       0x0000004d       0x4e ./gecko_sdk_4.0.0/platform/Device/SiliconLabs/EFR32MG21/Source/GCC/startup_efr32mg21.o
 .comment       0x0000004d       0x4e ./gecko_sdk_4.0.0/platform/Device/SiliconLabs/EFR32MG21/Source/system_efr32mg21.o
 .comment       0x0000004d       0x4e ./gecko_sdk_4.0.0/platform/common/toolchain/src/sl_memory.o
 .comment       0x0000004d       0x4e ./gecko_sdk_4.0.0/platform/emdrv/ustimer/src/ustimer.o
 .comment       0x0000004d       0x4e ./gecko_sdk_4.0.0/platform/emlib/src/em_assert.o
 .comment       0x0000004d       0x4e ./gecko_sdk_4.0.0/platform/emlib/src/em_cmu.o
 .comment       0x0000004d       0x4e ./gecko_sdk_4.0.0/platform/emlib/src/em_core.o
 .comment       0x0000004d       0x4e ./gecko_sdk_4.0.0/platform/emlib/src/em_gpio.o
 .comment       0x0000004d       0x4e ./gecko_sdk_4.0.0/platform/emlib/src/em_i2c.o
 .comment       0x0000004d       0x4e ./gecko_sdk_4.0.0/platform/emlib/src/em_system.o
 .comment       0x0000004d       0x4e ./gecko_sdk_4.0.0/platform/emlib/src/em_timer.o

.debug_info     0x00000000    0x14ca0
 .debug_info    0x00000000     0x351a ./main.o
 .debug_info    0x0000351a      0x21f ./gecko_sdk_4.0.0/platform/Device/SiliconLabs/EFR32MG21/Source/GCC/startup_efr32mg21.o
 .debug_info    0x00003739     0x1486 ./gecko_sdk_4.0.0/platform/Device/SiliconLabs/EFR32MG21/Source/system_efr32mg21.o
 .debug_info    0x00004bbf      0x209 ./gecko_sdk_4.0.0/platform/common/toolchain/src/sl_memory.o
 .debug_info    0x00004dc8     0x1f9d ./gecko_sdk_4.0.0/platform/emdrv/ustimer/src/ustimer.o
 .debug_info    0x00006d65       0x8a ./gecko_sdk_4.0.0/platform/emlib/src/em_assert.o
 .debug_info    0x00006def     0x6290 ./gecko_sdk_4.0.0/platform/emlib/src/em_cmu.o
 .debug_info    0x0000d07f     0x13ce ./gecko_sdk_4.0.0/platform/emlib/src/em_core.o
 .debug_info    0x0000e44d     0x1e63 ./gecko_sdk_4.0.0/platform/emlib/src/em_gpio.o
 .debug_info    0x000102b0     0x12a3 ./gecko_sdk_4.0.0/platform/emlib/src/em_i2c.o
 .debug_info    0x00011553      0xced ./gecko_sdk_4.0.0/platform/emlib/src/em_system.o
 .debug_info    0x00012240     0x2a60 ./gecko_sdk_4.0.0/platform/emlib/src/em_timer.o

.debug_abbrev   0x00000000     0x215e
 .debug_abbrev  0x00000000      0x474 ./main.o
 .debug_abbrev  0x00000474      0x148 ./gecko_sdk_4.0.0/platform/Device/SiliconLabs/EFR32MG21/Source/GCC/startup_efr32mg21.o
 .debug_abbrev  0x000005bc      0x274 ./gecko_sdk_4.0.0/platform/Device/SiliconLabs/EFR32MG21/Source/system_efr32mg21.o
 .debug_abbrev  0x00000830      0x121 ./gecko_sdk_4.0.0/platform/common/toolchain/src/sl_memory.o
 .debug_abbrev  0x00000951      0x3fb ./gecko_sdk_4.0.0/platform/emdrv/ustimer/src/ustimer.o
 .debug_abbrev  0x00000d4c       0x6f ./gecko_sdk_4.0.0/platform/emlib/src/em_assert.o
 .debug_abbrev  0x00000dbb      0x47d ./gecko_sdk_4.0.0/platform/emlib/src/em_cmu.o
 .debug_abbrev  0x00001238      0x316 ./gecko_sdk_4.0.0/platform/emlib/src/em_core.o
 .debug_abbrev  0x0000154e      0x315 ./gecko_sdk_4.0.0/platform/emlib/src/em_gpio.o
 .debug_abbrev  0x00001863      0x3f7 ./gecko_sdk_4.0.0/platform/emlib/src/em_i2c.o
 .debug_abbrev  0x00001c5a      0x1ba ./gecko_sdk_4.0.0/platform/emlib/src/em_system.o
 .debug_abbrev  0x00001e14      0x34a ./gecko_sdk_4.0.0/platform/emlib/src/em_timer.o

.debug_loc      0x00000000     0x6bd7
 .debug_loc     0x00000000      0xaf7 ./main.o
 .debug_loc     0x00000af7       0x9c ./gecko_sdk_4.0.0/platform/Device/SiliconLabs/EFR32MG21/Source/GCC/startup_efr32mg21.o
 .debug_loc     0x00000b93      0x18d ./gecko_sdk_4.0.0/platform/Device/SiliconLabs/EFR32MG21/Source/system_efr32mg21.o
 .debug_loc     0x00000d20       0x9c ./gecko_sdk_4.0.0/platform/common/toolchain/src/sl_memory.o
 .debug_loc     0x00000dbc      0x647 ./gecko_sdk_4.0.0/platform/emdrv/ustimer/src/ustimer.o
 .debug_loc     0x00001403       0x2a ./gecko_sdk_4.0.0/platform/emlib/src/em_assert.o
 .debug_loc     0x0000142d     0x2e62 ./gecko_sdk_4.0.0/platform/emlib/src/em_cmu.o
 .debug_loc     0x0000428f      0x8ae ./gecko_sdk_4.0.0/platform/emlib/src/em_core.o
 .debug_loc     0x00004b3d      0xa9f ./gecko_sdk_4.0.0/platform/emlib/src/em_gpio.o
 .debug_loc     0x000055dc      0xf3e ./gecko_sdk_4.0.0/platform/emlib/src/em_i2c.o
 .debug_loc     0x0000651a       0xd9 ./gecko_sdk_4.0.0/platform/emlib/src/em_system.o
 .debug_loc     0x000065f3      0x5e4 ./gecko_sdk_4.0.0/platform/emlib/src/em_timer.o

.debug_aranges  0x00000000      0x528
 .debug_aranges
                0x00000000       0x70 ./main.o
 .debug_aranges
                0x00000070       0x28 ./gecko_sdk_4.0.0/platform/Device/SiliconLabs/EFR32MG21/Source/GCC/startup_efr32mg21.o
 .debug_aranges
                0x00000098       0x90 ./gecko_sdk_4.0.0/platform/Device/SiliconLabs/EFR32MG21/Source/system_efr32mg21.o
 .debug_aranges
                0x00000128       0x30 ./gecko_sdk_4.0.0/platform/common/toolchain/src/sl_memory.o
 .debug_aranges
                0x00000158       0x48 ./gecko_sdk_4.0.0/platform/emdrv/ustimer/src/ustimer.o
 .debug_aranges
                0x000001a0       0x20 ./gecko_sdk_4.0.0/platform/emlib/src/em_assert.o
 .debug_aranges
                0x000001c0      0x148 ./gecko_sdk_4.0.0/platform/emlib/src/em_cmu.o
 .debug_aranges
                0x00000308       0xe8 ./gecko_sdk_4.0.0/platform/emlib/src/em_core.o
 .debug_aranges
                0x000003f0       0x68 ./gecko_sdk_4.0.0/platform/emlib/src/em_gpio.o
 .debug_aranges
                0x00000458       0x50 ./gecko_sdk_4.0.0/platform/emlib/src/em_i2c.o
 .debug_aranges
                0x000004a8       0x30 ./gecko_sdk_4.0.0/platform/emlib/src/em_system.o
 .debug_aranges
                0x000004d8       0x50 ./gecko_sdk_4.0.0/platform/emlib/src/em_timer.o

.debug_ranges   0x00000000      0x9a8
 .debug_ranges  0x00000000      0x120 ./main.o
 .debug_ranges  0x00000120       0x18 ./gecko_sdk_4.0.0/platform/Device/SiliconLabs/EFR32MG21/Source/GCC/startup_efr32mg21.o
 .debug_ranges  0x00000138       0x80 ./gecko_sdk_4.0.0/platform/Device/SiliconLabs/EFR32MG21/Source/system_efr32mg21.o
 .debug_ranges  0x000001b8       0x20 ./gecko_sdk_4.0.0/platform/common/toolchain/src/sl_memory.o
 .debug_ranges  0x000001d8      0x210 ./gecko_sdk_4.0.0/platform/emdrv/ustimer/src/ustimer.o
 .debug_ranges  0x000003e8       0x10 ./gecko_sdk_4.0.0/platform/emlib/src/em_assert.o
 .debug_ranges  0x000003f8      0x1a8 ./gecko_sdk_4.0.0/platform/emlib/src/em_cmu.o
 .debug_ranges  0x000005a0      0x188 ./gecko_sdk_4.0.0/platform/emlib/src/em_core.o
 .debug_ranges  0x00000728       0x70 ./gecko_sdk_4.0.0/platform/emlib/src/em_gpio.o
 .debug_ranges  0x00000798      0x178 ./gecko_sdk_4.0.0/platform/emlib/src/em_i2c.o
 .debug_ranges  0x00000910       0x38 ./gecko_sdk_4.0.0/platform/emlib/src/em_system.o
 .debug_ranges  0x00000948       0x60 ./gecko_sdk_4.0.0/platform/emlib/src/em_timer.o

.debug_macro    0x00000000    0x2fa5d
 .debug_macro   0x00000000      0x495 ./main.o
 .debug_macro   0x00000495       0x22 ./main.o
 .debug_macro   0x000004b7       0x5e ./main.o
 .debug_macro   0x00000515       0x18 ./main.o
 .debug_macro   0x0000052d       0x5c ./main.o
 .debug_macro   0x00000589       0x35 ./main.o
 .debug_macro   0x000005be       0x34 ./main.o
 .debug_macro   0x000005f2       0x16 ./main.o
 .debug_macro   0x00000608       0x57 ./main.o
 .debug_macro   0x0000065f       0x97 ./main.o
 .debug_macro   0x000006f6      0x356 ./main.o
 .debug_macro   0x00000a4c       0xf6 ./main.o
 .debug_macro   0x00000b42       0x10 ./main.o
 .debug_macro   0x00000b52       0x16 ./main.o
 .debug_macro   0x00000b68       0x43 ./main.o
 .debug_macro   0x00000bab       0x34 ./main.o
 .debug_macro   0x00000bdf       0x10 ./main.o
 .debug_macro   0x00000bef       0x58 ./main.o
 .debug_macro   0x00000c47      0x182 ./main.o
 .debug_macro   0x00000dc9       0x10 ./main.o
 .debug_macro   0x00000dd9       0x6a ./main.o
 .debug_macro   0x00000e43       0xb2 ./main.o
 .debug_macro   0x00000ef5       0x16 ./main.o
 .debug_macro   0x00000f0b      0x129 ./main.o
 .debug_macro   0x00001034      0x6d9 ./main.o
 .debug_macro   0x0000170d      0x103 ./main.o
 .debug_macro   0x00001810      0x1df ./main.o
 .debug_macro   0x000019ef       0x1c ./main.o
 .debug_macro   0x00001a0b       0x29 ./main.o
 .debug_macro   0x00001a34       0xd9 ./main.o
 .debug_macro   0x00001b0d     0x1401 ./main.o
 .debug_macro   0x00002f0e       0x5e ./main.o
 .debug_macro   0x00002f6c      0xc3b ./main.o
 .debug_macro   0x00003ba7      0xaba ./main.o
 .debug_macro   0x00004661      0x813 ./main.o
 .debug_macro   0x00004e74      0x300 ./main.o
 .debug_macro   0x00005174       0x34 ./main.o
 .debug_macro   0x000051a8      0x304 ./main.o
 .debug_macro   0x000054ac      0x456 ./main.o
 .debug_macro   0x00005902      0x294 ./main.o
 .debug_macro   0x00005b96      0x156 ./main.o
 .debug_macro   0x00005cec      0x699 ./main.o
 .debug_macro   0x00006385      0x363 ./main.o
 .debug_macro   0x000066e8     0x14e6 ./main.o
 .debug_macro   0x00007bce       0x10 ./main.o
 .debug_macro   0x00007bde      0x791 ./main.o
 .debug_macro   0x0000836f     0x1eea ./main.o
 .debug_macro   0x0000a259      0xcb2 ./main.o
 .debug_macro   0x0000af0b       0x4c ./main.o
 .debug_macro   0x0000af57     0x15b8 ./main.o
 .debug_macro   0x0000c50f     0x210a ./main.o
 .debug_macro   0x0000e619      0x53c ./main.o
 .debug_macro   0x0000eb55      0xfe5 ./main.o
 .debug_macro   0x0000fb3a       0x10 ./main.o
 .debug_macro   0x0000fb4a      0x821 ./main.o
 .debug_macro   0x0001036b       0x34 ./main.o
 .debug_macro   0x0001039f      0x308 ./main.o
 .debug_macro   0x000106a7      0x63c ./main.o
 .debug_macro   0x00010ce3      0x80a ./main.o
 .debug_macro   0x000114ed     0x12a1 ./main.o
 .debug_macro   0x0001278e      0x76b ./main.o
 .debug_macro   0x00012ef9      0x8f3 ./main.o
 .debug_macro   0x000137ec     0x12f5 ./main.o
 .debug_macro   0x00014ae1      0xd92 ./main.o
 .debug_macro   0x00015873      0x688 ./main.o
 .debug_macro   0x00015efb      0x425 ./main.o
 .debug_macro   0x00016320      0x3c3 ./main.o
 .debug_macro   0x000166e3     0x243d ./main.o
 .debug_macro   0x00018b20     0x12c4 ./main.o
 .debug_macro   0x00019de4      0x319 ./main.o
 .debug_macro   0x0001a0fd     0x4b42 ./main.o
 .debug_macro   0x0001ec3f     0x151e ./main.o
 .debug_macro   0x0002015d     0x217a ./main.o
 .debug_macro   0x000222d7     0x77cd ./main.o
 .debug_macro   0x00029aa4     0x144e ./main.o
 .debug_macro   0x0002aef2     0x1348 ./main.o
 .debug_macro   0x0002c23a      0x345 ./main.o
 .debug_macro   0x0002c57f      0xff5 ./main.o
 .debug_macro   0x0002d574       0x22 ./main.o
 .debug_macro   0x0002d596       0x10 ./main.o
 .debug_macro   0x0002d5a6       0x78 ./main.o
 .debug_macro   0x0002d61e       0x16 ./main.o
 .debug_macro   0x0002d634       0x10 ./main.o
 .debug_macro   0x0002d644       0xf6 ./main.o
 .debug_macro   0x0002d73a       0xd6 ./main.o
 .debug_macro   0x0002d810       0x45 ./main.o
 .debug_macro   0x0002d855       0x74 ./main.o
 .debug_macro   0x0002d8c9       0x1f ./main.o
 .debug_macro   0x0002d8e8       0x4c ./main.o
 .debug_macro   0x0002d934       0x1c ./main.o
 .debug_macro   0x0002d950      0x2a3 ./gecko_sdk_4.0.0/platform/Device/SiliconLabs/EFR32MG21/Source/GCC/startup_efr32mg21.o
 .debug_macro   0x0002dbf3      0x2c3 ./gecko_sdk_4.0.0/platform/Device/SiliconLabs/EFR32MG21/Source/system_efr32mg21.o
 .debug_macro   0x0002deb6       0x92 ./gecko_sdk_4.0.0/platform/common/toolchain/src/sl_memory.o
 .debug_macro   0x0002df48      0x16d ./gecko_sdk_4.0.0/platform/common/toolchain/src/sl_memory.o
 .debug_macro   0x0002e0b5       0x16 ./gecko_sdk_4.0.0/platform/common/toolchain/src/sl_memory.o
 .debug_macro   0x0002e0cb      0x39e ./gecko_sdk_4.0.0/platform/emdrv/ustimer/src/ustimer.o
 .debug_macro   0x0002e469       0x7f ./gecko_sdk_4.0.0/platform/emdrv/ustimer/src/ustimer.o
 .debug_macro   0x0002e4e8       0x2c ./gecko_sdk_4.0.0/platform/emlib/src/em_assert.o
 .debug_macro   0x0002e514      0x3b6 ./gecko_sdk_4.0.0/platform/emlib/src/em_cmu.o
 .debug_macro   0x0002e8ca       0x64 ./gecko_sdk_4.0.0/platform/emlib/src/em_cmu.o
 .debug_macro   0x0002e92e       0x7c ./gecko_sdk_4.0.0/platform/emlib/src/em_cmu.o
 .debug_macro   0x0002e9aa       0x17 ./gecko_sdk_4.0.0/platform/emlib/src/em_cmu.o
 .debug_macro   0x0002e9c1       0xee ./gecko_sdk_4.0.0/platform/emlib/src/em_cmu.o
 .debug_macro   0x0002eaaf      0x2e7 ./gecko_sdk_4.0.0/platform/emlib/src/em_core.o
 .debug_macro   0x0002ed96      0x2f4 ./gecko_sdk_4.0.0/platform/emlib/src/em_gpio.o
 .debug_macro   0x0002f08a      0x387 ./gecko_sdk_4.0.0/platform/emlib/src/em_i2c.o
 .debug_macro   0x0002f411       0x3f ./gecko_sdk_4.0.0/platform/emlib/src/em_i2c.o
 .debug_macro   0x0002f450      0x2c4 ./gecko_sdk_4.0.0/platform/emlib/src/em_system.o
 .debug_macro   0x0002f714      0x2d0 ./gecko_sdk_4.0.0/platform/emlib/src/em_timer.o
 .debug_macro   0x0002f9e4       0x79 ./gecko_sdk_4.0.0/platform/emlib/src/em_timer.o

.debug_line     0x00000000     0xa8a9
 .debug_line    0x00000000     0x1206 ./main.o
 .debug_line    0x00001206      0x872 ./gecko_sdk_4.0.0/platform/Device/SiliconLabs/EFR32MG21/Source/GCC/startup_efr32mg21.o
 .debug_line    0x00001a78      0xa67 ./gecko_sdk_4.0.0/platform/Device/SiliconLabs/EFR32MG21/Source/system_efr32mg21.o
 .debug_line    0x000024df      0x3ec ./gecko_sdk_4.0.0/platform/common/toolchain/src/sl_memory.o
 .debug_line    0x000028cb      0xfeb ./gecko_sdk_4.0.0/platform/emdrv/ustimer/src/ustimer.o
 .debug_line    0x000038b6      0x1d0 ./gecko_sdk_4.0.0/platform/emlib/src/em_assert.o
 .debug_line    0x00003a86     0x2651 ./gecko_sdk_4.0.0/platform/emlib/src/em_cmu.o
 .debug_line    0x000060d7     0x102f ./gecko_sdk_4.0.0/platform/emlib/src/em_core.o
 .debug_line    0x00007106      0xd8e ./gecko_sdk_4.0.0/platform/emlib/src/em_gpio.o
 .debug_line    0x00007e94     0x1340 ./gecko_sdk_4.0.0/platform/emlib/src/em_i2c.o
 .debug_line    0x000091d4      0x93d ./gecko_sdk_4.0.0/platform/emlib/src/em_system.o
 .debug_line    0x00009b11      0xd98 ./gecko_sdk_4.0.0/platform/emlib/src/em_timer.o

.debug_str      0x00000000   0x14140b
 .debug_str     0x00000000   0x13b3c3 ./main.o
                             0x13ba1b (size before relaxing)
 .debug_str     0x0013b3c3      0x115 ./gecko_sdk_4.0.0/platform/Device/SiliconLabs/EFR32MG21/Source/GCC/startup_efr32mg21.o
                             0x134b56 (size before relaxing)
 .debug_str     0x0013b4d8      0x3c6 ./gecko_sdk_4.0.0/platform/Device/SiliconLabs/EFR32MG21/Source/system_efr32mg21.o
                             0x1355d5 (size before relaxing)
 .debug_str     0x0013b89e      0x146 ./gecko_sdk_4.0.0/platform/common/toolchain/src/sl_memory.o
                               0x406f (size before relaxing)
 .debug_str     0x0013b9e4     0x101f ./gecko_sdk_4.0.0/platform/emdrv/ustimer/src/ustimer.o
                             0x13808e (size before relaxing)
 .debug_str     0x0013ca03       0x53 ./gecko_sdk_4.0.0/platform/emlib/src/em_assert.o
                               0x2e7e (size before relaxing)
 .debug_str     0x0013ca56     0x1e46 ./gecko_sdk_4.0.0/platform/emlib/src/em_cmu.o
                             0x13b3c4 (size before relaxing)
 .debug_str     0x0013e89c      0x34a ./gecko_sdk_4.0.0/platform/emlib/src/em_core.o
                             0x135e4e (size before relaxing)
 .debug_str     0x0013ebe6      0x3c4 ./gecko_sdk_4.0.0/platform/emlib/src/em_gpio.o
                             0x136d2f (size before relaxing)
 .debug_str     0x0013efaa      0x28b ./gecko_sdk_4.0.0/platform/emlib/src/em_i2c.o
                             0x138da1 (size before relaxing)
 .debug_str     0x0013f235      0x1e5 ./gecko_sdk_4.0.0/platform/emlib/src/em_system.o
                             0x1356ac (size before relaxing)
 .debug_str     0x0013f41a     0x1ff1 ./gecko_sdk_4.0.0/platform/emlib/src/em_timer.o
                             0x1377ba (size before relaxing)

.debug_frame    0x00000000     0x1714
 .debug_frame   0x00000000      0x16c ./main.o
 .debug_frame   0x0000016c       0x38 ./gecko_sdk_4.0.0/platform/Device/SiliconLabs/EFR32MG21/Source/GCC/startup_efr32mg21.o
 .debug_frame   0x000001a4      0x108 ./gecko_sdk_4.0.0/platform/Device/SiliconLabs/EFR32MG21/Source/system_efr32mg21.o
 .debug_frame   0x000002ac       0x40 ./gecko_sdk_4.0.0/platform/common/toolchain/src/sl_memory.o
 .debug_frame   0x000002ec       0xc0 ./gecko_sdk_4.0.0/platform/emdrv/ustimer/src/ustimer.o
 .debug_frame   0x000003ac       0x20 ./gecko_sdk_4.0.0/platform/emlib/src/em_assert.o
 .debug_frame   0x000003cc      0x418 ./gecko_sdk_4.0.0/platform/emlib/src/em_cmu.o
 .debug_frame   0x000007e4      0x244 ./gecko_sdk_4.0.0/platform/emlib/src/em_core.o
 .debug_frame   0x00000a28      0x16c ./gecko_sdk_4.0.0/platform/emlib/src/em_gpio.o
 .debug_frame   0x00000b94       0xf4 ./gecko_sdk_4.0.0/platform/emlib/src/em_i2c.o
 .debug_frame   0x00000c88       0x40 ./gecko_sdk_4.0.0/platform/emlib/src/em_system.o
 .debug_frame   0x00000cc8       0xcc ./gecko_sdk_4.0.0/platform/emlib/src/em_timer.o
 .debug_frame   0x00000d94       0x2c c:/siliconlabs/simplicitystudio/v5/developer/toolchains/gnu_arm/10.2_2020q4/bin/../lib/gcc/arm-none-eabi/10.2.1/thumb/v8-m.main+fp/hard\libgcc.a(_aeabi_uldivmod.o)
 .debug_frame   0x00000dc0       0x38 c:/siliconlabs/simplicitystudio/v5/developer/toolchains/gnu_arm/10.2_2020q4/bin/../lib/gcc/arm-none-eabi/10.2.1/thumb/v8-m.main+fp/hard\libgcc.a(_udivmoddi4.o)
 .debug_frame   0x00000df8       0x28 c:/siliconlabs/simplicitystudio/v5/developer/toolchains/gnu_arm/10.2_2020q4/bin/../lib/gcc/arm-none-eabi/10.2.1/../../../../arm-none-eabi/lib/thumb/v8-m.main+fp/hard\libc_nano.a(lib_a-exit.o)
 .debug_frame   0x00000e20       0x2c c:/siliconlabs/simplicitystudio/v5/developer/toolchains/gnu_arm/10.2_2020q4/bin/../lib/gcc/arm-none-eabi/10.2.1/../../../../arm-none-eabi/lib/thumb/v8-m.main+fp/hard\libc_nano.a(lib_a-init.o)
 .debug_frame   0x00000e4c       0x20 c:/siliconlabs/simplicitystudio/v5/developer/toolchains/gnu_arm/10.2_2020q4/bin/../lib/gcc/arm-none-eabi/10.2.1/../../../../arm-none-eabi/lib/thumb/v8-m.main+fp/hard\libc_nano.a(lib_a-memset.o)
 .debug_frame   0x00000e6c       0x74 c:/siliconlabs/simplicitystudio/v5/developer/toolchains/gnu_arm/10.2_2020q4/bin/../lib/gcc/arm-none-eabi/10.2.1/../../../../arm-none-eabi/lib/thumb/v8-m.main+fp/hard\libc_nano.a(lib_a-printf.o)
 .debug_frame   0x00000ee0      0x14c c:/siliconlabs/simplicitystudio/v5/developer/toolchains/gnu_arm/10.2_2020q4/bin/../lib/gcc/arm-none-eabi/10.2.1/../../../../arm-none-eabi/lib/thumb/v8-m.main+fp/hard\libc_nano.a(lib_a-findfp.o)
 .debug_frame   0x0000102c       0x54 c:/siliconlabs/simplicitystudio/v5/developer/toolchains/gnu_arm/10.2_2020q4/bin/../lib/gcc/arm-none-eabi/10.2.1/../../../../arm-none-eabi/lib/thumb/v8-m.main+fp/hard\libc_nano.a(lib_a-fwalk.o)
 .debug_frame   0x00001080       0xb0 c:/siliconlabs/simplicitystudio/v5/developer/toolchains/gnu_arm/10.2_2020q4/bin/../lib/gcc/arm-none-eabi/10.2.1/../../../../arm-none-eabi/lib/thumb/v8-m.main+fp/hard\libc_nano.a(lib_a-lock.o)
 .debug_frame   0x00001130       0x30 c:/siliconlabs/simplicitystudio/v5/developer/toolchains/gnu_arm/10.2_2020q4/bin/../lib/gcc/arm-none-eabi/10.2.1/../../../../arm-none-eabi/lib/thumb/v8-m.main+fp/hard\libc_nano.a(lib_a-nano-mallocr.o)
 .debug_frame   0x00001160       0xac c:/siliconlabs/simplicitystudio/v5/developer/toolchains/gnu_arm/10.2_2020q4/bin/../lib/gcc/arm-none-eabi/10.2.1/../../../../arm-none-eabi/lib/thumb/v8-m.main+fp/hard\libc_nano.a(lib_a-nano-vfprintf.o)
 .debug_frame   0x0000120c       0x60 c:/siliconlabs/simplicitystudio/v5/developer/toolchains/gnu_arm/10.2_2020q4/bin/../lib/gcc/arm-none-eabi/10.2.1/../../../../arm-none-eabi/lib/thumb/v8-m.main+fp/hard\libc_nano.a(lib_a-nano-vfprintf_i.o)
 .debug_frame   0x0000126c       0x2c c:/siliconlabs/simplicitystudio/v5/developer/toolchains/gnu_arm/10.2_2020q4/bin/../lib/gcc/arm-none-eabi/10.2.1/../../../../arm-none-eabi/lib/thumb/v8-m.main+fp/hard\libc_nano.a(lib_a-sbrkr.o)
 .debug_frame   0x00001298       0x88 c:/siliconlabs/simplicitystudio/v5/developer/toolchains/gnu_arm/10.2_2020q4/bin/../lib/gcc/arm-none-eabi/10.2.1/../../../../arm-none-eabi/lib/thumb/v8-m.main+fp/hard\libc_nano.a(lib_a-stdio.o)
 .debug_frame   0x00001320       0x40 c:/siliconlabs/simplicitystudio/v5/developer/toolchains/gnu_arm/10.2_2020q4/bin/../lib/gcc/arm-none-eabi/10.2.1/../../../../arm-none-eabi/lib/thumb/v8-m.main+fp/hard\libc_nano.a(lib_a-wbuf.o)
 .debug_frame   0x00001360       0x2c c:/siliconlabs/simplicitystudio/v5/developer/toolchains/gnu_arm/10.2_2020q4/bin/../lib/gcc/arm-none-eabi/10.2.1/../../../../arm-none-eabi/lib/thumb/v8-m.main+fp/hard\libc_nano.a(lib_a-writer.o)
 .debug_frame   0x0000138c       0x2c c:/siliconlabs/simplicitystudio/v5/developer/toolchains/gnu_arm/10.2_2020q4/bin/../lib/gcc/arm-none-eabi/10.2.1/../../../../arm-none-eabi/lib/thumb/v8-m.main+fp/hard\libc_nano.a(lib_a-wsetup.o)
 .debug_frame   0x000013b8       0x2c c:/siliconlabs/simplicitystudio/v5/developer/toolchains/gnu_arm/10.2_2020q4/bin/../lib/gcc/arm-none-eabi/10.2.1/../../../../arm-none-eabi/lib/thumb/v8-m.main+fp/hard\libc_nano.a(lib_a-closer.o)
 .debug_frame   0x000013e4       0x5c c:/siliconlabs/simplicitystudio/v5/developer/toolchains/gnu_arm/10.2_2020q4/bin/../lib/gcc/arm-none-eabi/10.2.1/../../../../arm-none-eabi/lib/thumb/v8-m.main+fp/hard\libc_nano.a(lib_a-fflush.o)
 .debug_frame   0x00001440       0x2c c:/siliconlabs/simplicitystudio/v5/developer/toolchains/gnu_arm/10.2_2020q4/bin/../lib/gcc/arm-none-eabi/10.2.1/../../../../arm-none-eabi/lib/thumb/v8-m.main+fp/hard\libc_nano.a(lib_a-lseekr.o)
 .debug_frame   0x0000146c       0x58 c:/siliconlabs/simplicitystudio/v5/developer/toolchains/gnu_arm/10.2_2020q4/bin/../lib/gcc/arm-none-eabi/10.2.1/../../../../arm-none-eabi/lib/thumb/v8-m.main+fp/hard\libc_nano.a(lib_a-makebuf.o)
 .debug_frame   0x000014c4       0x28 c:/siliconlabs/simplicitystudio/v5/developer/toolchains/gnu_arm/10.2_2020q4/bin/../lib/gcc/arm-none-eabi/10.2.1/../../../../arm-none-eabi/lib/thumb/v8-m.main+fp/hard\libc_nano.a(lib_a-memchr-stub.o)
 .debug_frame   0x000014ec       0x30 c:/siliconlabs/simplicitystudio/v5/developer/toolchains/gnu_arm/10.2_2020q4/bin/../lib/gcc/arm-none-eabi/10.2.1/../../../../arm-none-eabi/lib/thumb/v8-m.main+fp/hard\libc_nano.a(lib_a-mlock.o)
 .debug_frame   0x0000151c       0x38 c:/siliconlabs/simplicitystudio/v5/developer/toolchains/gnu_arm/10.2_2020q4/bin/../lib/gcc/arm-none-eabi/10.2.1/../../../../arm-none-eabi/lib/thumb/v8-m.main+fp/hard\libc_nano.a(lib_a-nano-freer.o)
 .debug_frame   0x00001554       0x2c c:/siliconlabs/simplicitystudio/v5/developer/toolchains/gnu_arm/10.2_2020q4/bin/../lib/gcc/arm-none-eabi/10.2.1/../../../../arm-none-eabi/lib/thumb/v8-m.main+fp/hard\libc_nano.a(lib_a-readr.o)
 .debug_frame   0x00001580       0x5c c:/siliconlabs/simplicitystudio/v5/developer/toolchains/gnu_arm/10.2_2020q4/bin/../lib/gcc/arm-none-eabi/10.2.1/../../../../arm-none-eabi/lib/thumb/v8-m.main+fp/hard\libc_nano.a(lib_a-reent.o)
 .debug_frame   0x000015dc       0x2c c:/siliconlabs/simplicitystudio/v5/developer/toolchains/gnu_arm/10.2_2020q4/bin/../lib/gcc/arm-none-eabi/10.2.1/../../../../arm-none-eabi/lib/thumb/v8-m.main+fp/hard\libc_nano.a(lib_a-fstatr.o)
 .debug_frame   0x00001608       0x2c c:/siliconlabs/simplicitystudio/v5/developer/toolchains/gnu_arm/10.2_2020q4/bin/../lib/gcc/arm-none-eabi/10.2.1/../../../../arm-none-eabi/lib/thumb/v8-m.main+fp/hard\libc_nano.a(lib_a-isattyr.o)
 .debug_frame   0x00001634       0x20 c:/siliconlabs/simplicitystudio/v5/developer/toolchains/gnu_arm/10.2_2020q4/bin/../lib/gcc/arm-none-eabi/10.2.1/../../../../arm-none-eabi/lib/thumb/v8-m.main+fp/hard\libnosys.a(close.o)
 .debug_frame   0x00001654       0x20 c:/siliconlabs/simplicitystudio/v5/developer/toolchains/gnu_arm/10.2_2020q4/bin/../lib/gcc/arm-none-eabi/10.2.1/../../../../arm-none-eabi/lib/thumb/v8-m.main+fp/hard\libnosys.a(fstat.o)
 .debug_frame   0x00001674       0x20 c:/siliconlabs/simplicitystudio/v5/developer/toolchains/gnu_arm/10.2_2020q4/bin/../lib/gcc/arm-none-eabi/10.2.1/../../../../arm-none-eabi/lib/thumb/v8-m.main+fp/hard\libnosys.a(isatty.o)
 .debug_frame   0x00001694       0x20 c:/siliconlabs/simplicitystudio/v5/developer/toolchains/gnu_arm/10.2_2020q4/bin/../lib/gcc/arm-none-eabi/10.2.1/../../../../arm-none-eabi/lib/thumb/v8-m.main+fp/hard\libnosys.a(lseek.o)
 .debug_frame   0x000016b4       0x20 c:/siliconlabs/simplicitystudio/v5/developer/toolchains/gnu_arm/10.2_2020q4/bin/../lib/gcc/arm-none-eabi/10.2.1/../../../../arm-none-eabi/lib/thumb/v8-m.main+fp/hard\libnosys.a(read.o)
 .debug_frame   0x000016d4       0x20 c:/siliconlabs/simplicitystudio/v5/developer/toolchains/gnu_arm/10.2_2020q4/bin/../lib/gcc/arm-none-eabi/10.2.1/../../../../arm-none-eabi/lib/thumb/v8-m.main+fp/hard\libnosys.a(write.o)
 .debug_frame   0x000016f4       0x20 c:/siliconlabs/simplicitystudio/v5/developer/toolchains/gnu_arm/10.2_2020q4/bin/../lib/gcc/arm-none-eabi/10.2.1/../../../../arm-none-eabi/lib/thumb/v8-m.main+fp/hard\libnosys.a(_exit.o)

.stab           0x00000000       0x9c
 .stab          0x00000000       0x24 c:/siliconlabs/simplicitystudio/v5/developer/toolchains/gnu_arm/10.2_2020q4/bin/../lib/gcc/arm-none-eabi/10.2.1/../../../../arm-none-eabi/lib/thumb/v8-m.main+fp/hard\libnosys.a(close.o)
 .stab          0x00000024       0x18 c:/siliconlabs/simplicitystudio/v5/developer/toolchains/gnu_arm/10.2_2020q4/bin/../lib/gcc/arm-none-eabi/10.2.1/../../../../arm-none-eabi/lib/thumb/v8-m.main+fp/hard\libnosys.a(fstat.o)
                                 0x24 (size before relaxing)
 .stab          0x0000003c       0x18 c:/siliconlabs/simplicitystudio/v5/developer/toolchains/gnu_arm/10.2_2020q4/bin/../lib/gcc/arm-none-eabi/10.2.1/../../../../arm-none-eabi/lib/thumb/v8-m.main+fp/hard\libnosys.a(isatty.o)
                                 0x24 (size before relaxing)
 .stab          0x00000054       0x18 c:/siliconlabs/simplicitystudio/v5/developer/toolchains/gnu_arm/10.2_2020q4/bin/../lib/gcc/arm-none-eabi/10.2.1/../../../../arm-none-eabi/lib/thumb/v8-m.main+fp/hard\libnosys.a(lseek.o)
                                 0x24 (size before relaxing)
 .stab          0x0000006c       0x18 c:/siliconlabs/simplicitystudio/v5/developer/toolchains/gnu_arm/10.2_2020q4/bin/../lib/gcc/arm-none-eabi/10.2.1/../../../../arm-none-eabi/lib/thumb/v8-m.main+fp/hard\libnosys.a(read.o)
                                 0x24 (size before relaxing)
 .stab          0x00000084       0x18 c:/siliconlabs/simplicitystudio/v5/developer/toolchains/gnu_arm/10.2_2020q4/bin/../lib/gcc/arm-none-eabi/10.2.1/../../../../arm-none-eabi/lib/thumb/v8-m.main+fp/hard\libnosys.a(write.o)
                                 0x24 (size before relaxing)

.stabstr        0x00000000      0x14d
 .stabstr       0x00000000      0x14d c:/siliconlabs/simplicitystudio/v5/developer/toolchains/gnu_arm/10.2_2020q4/bin/../lib/gcc/arm-none-eabi/10.2.1/../../../../arm-none-eabi/lib/thumb/v8-m.main+fp/hard\libnosys.a(close.o)
